Component: ARM Compiler 5.06 update 6 (build 750) Tool: armlink [4d35ed]

==============================================================================

Section Cross References

    i2c.o(i.I2C_Custom_Init) refers to stm32f10x_rcc.o(i.RCC_APB1PeriphClockCmd) for RCC_APB1PeriphClockCmd
    i2c.o(i.I2C_Custom_Init) refers to stm32f10x_i2c.o(i.I2C_Init) for I2C_Init
    i2c.o(i.I2C_Custom_Init) refers to stm32f10x_i2c.o(i.I2C_Cmd) for I2C_Cmd
    i2c.o(i.I2C_Pins_Init) refers to stm32f10x_rcc.o(i.RCC_APB2PeriphClockCmd) for RCC_APB2PeriphClockCmd
    i2c.o(i.I2C_Pins_Init) refers to stm32f10x_gpio.o(i.GPIO_Init) for GPIO_Init
    i2c.o(i.I2C_Read_Byte) refers to i2c.o(i.I2C_Wait_Flag) for I2C_Wait_Flag
    i2c.o(i.I2C_Read_Byte) refers to i2c.o(i.I2C_Start) for I2C_Start
    i2c.o(i.I2C_Read_Byte) refers to i2c.o(i.I2C_Send_Address) for I2C_Send_Address
    i2c.o(i.I2C_Read_Byte) refers to i2c.o(i.I2C_Send_Data_Wait) for I2C_Send_Data_Wait
    i2c.o(i.I2C_Read_Byte) refers to stm32f10x_i2c.o(i.I2C_AcknowledgeConfig) for I2C_AcknowledgeConfig
    i2c.o(i.I2C_Read_Byte) refers to i2c.o(i.I2C_Receive_Data_Wait) for I2C_Receive_Data_Wait
    i2c.o(i.I2C_Read_Byte) refers to i2c.o(i.I2C_Stop) for I2C_Stop
    i2c.o(i.I2C_Read_Byte) refers to stm32f10x_i2c.o(i.I2C_GetFlagStatus) for I2C_GetFlagStatus
    i2c.o(i.I2C_Read_Bytes) refers to i2c.o(i.I2C_Wait_Flag) for I2C_Wait_Flag
    i2c.o(i.I2C_Read_Bytes) refers to i2c.o(i.I2C_Start) for I2C_Start
    i2c.o(i.I2C_Read_Bytes) refers to i2c.o(i.I2C_Send_Address) for I2C_Send_Address
    i2c.o(i.I2C_Read_Bytes) refers to i2c.o(i.I2C_Send_Data_Wait) for I2C_Send_Data_Wait
    i2c.o(i.I2C_Read_Bytes) refers to stm32f10x_i2c.o(i.I2C_AcknowledgeConfig) for I2C_AcknowledgeConfig
    i2c.o(i.I2C_Read_Bytes) refers to i2c.o(i.I2C_Stop) for I2C_Stop
    i2c.o(i.I2C_Read_Bytes) refers to i2c.o(i.I2C_Receive_Data_Wait) for I2C_Receive_Data_Wait
    i2c.o(i.I2C_Read_Bytes) refers to stm32f10x_i2c.o(i.I2C_GetFlagStatus) for I2C_GetFlagStatus
    i2c.o(i.I2C_Receive_Data_Wait) refers to i2c.o(i.I2C_Wait_Event) for I2C_Wait_Event
    i2c.o(i.I2C_Receive_Data_Wait) refers to stm32f10x_i2c.o(i.I2C_ReceiveData) for I2C_ReceiveData
    i2c.o(i.I2C_Scan_Address) refers to _printf_pad.o(.text) for _printf_pre_padding
    i2c.o(i.I2C_Scan_Address) refers to _printf_percent.o(.ARM.Collect$$_printf_percent$$00000000) for _printf_percent
    i2c.o(i.I2C_Scan_Address) refers to _printf_x.o(.ARM.Collect$$_printf_percent$$0000000C) for _printf_x
    i2c.o(i.I2C_Scan_Address) refers to _printf_hex_int.o(.text) for _printf_longlong_hex
    i2c.o(i.I2C_Scan_Address) refers to i2c.o(i.I2C_Wait_Flag) for I2C_Wait_Flag
    i2c.o(i.I2C_Scan_Address) refers to i2c.o(i.I2C_Stop) for I2C_Stop
    i2c.o(i.I2C_Scan_Address) refers to i2c.o(i.I2C_Start) for I2C_Start
    i2c.o(i.I2C_Scan_Address) refers to i2c.o(i.I2C_Send_Address) for I2C_Send_Address
    i2c.o(i.I2C_Scan_Address) refers to noretval__2printf.o(.text) for __2printf
    i2c.o(i.I2C_Scan_Address) refers to stm32f10x_i2c.o(i.I2C_GetFlagStatus) for I2C_GetFlagStatus
    i2c.o(i.I2C_Scan_Address) refers to systick.o(.constdata) for SysTick_Driver
    i2c.o(i.I2C_Send_Address) refers to stm32f10x_i2c.o(i.I2C_Send7bitAddress) for I2C_Send7bitAddress
    i2c.o(i.I2C_Send_Address) refers to i2c.o(i.I2C_Wait_Event) for I2C_Wait_Event
    i2c.o(i.I2C_Send_Data_Wait) refers to stm32f10x_i2c.o(i.I2C_SendData) for I2C_SendData
    i2c.o(i.I2C_Send_Data_Wait) refers to i2c.o(i.I2C_Wait_Event) for I2C_Wait_Event
    i2c.o(i.I2C_Start) refers to stm32f10x_i2c.o(i.I2C_GenerateSTART) for I2C_GenerateSTART
    i2c.o(i.I2C_Start) refers to i2c.o(i.I2C_Wait_Event) for I2C_Wait_Event
    i2c.o(i.I2C_Stop) refers to stm32f10x_i2c.o(i.I2C_GenerateSTOP) for I2C_GenerateSTOP
    i2c.o(i.I2C_Wait_Event) refers to stm32f10x_i2c.o(i.I2C_CheckEvent) for I2C_CheckEvent
    i2c.o(i.I2C_Write_Byte) refers to i2c.o(i.I2C_Wait_Flag) for I2C_Wait_Flag
    i2c.o(i.I2C_Write_Byte) refers to i2c.o(i.I2C_Start) for I2C_Start
    i2c.o(i.I2C_Write_Byte) refers to i2c.o(i.I2C_Send_Address) for I2C_Send_Address
    i2c.o(i.I2C_Write_Byte) refers to i2c.o(i.I2C_Send_Data_Wait) for I2C_Send_Data_Wait
    i2c.o(i.I2C_Write_Byte) refers to i2c.o(i.I2C_Stop) for I2C_Stop
    i2c.o(i.I2C_Write_Byte) refers to stm32f10x_i2c.o(i.I2C_GetFlagStatus) for I2C_GetFlagStatus
    i2c.o(i.I2C_Write_Bytes) refers to i2c.o(i.I2C_Wait_Flag) for I2C_Wait_Flag
    i2c.o(i.I2C_Write_Bytes) refers to i2c.o(i.I2C_Start) for I2C_Start
    i2c.o(i.I2C_Write_Bytes) refers to i2c.o(i.I2C_Send_Address) for I2C_Send_Address
    i2c.o(i.I2C_Write_Bytes) refers to i2c.o(i.I2C_Send_Data_Wait) for I2C_Send_Data_Wait
    i2c.o(i.I2C_Write_Bytes) refers to i2c.o(i.I2C_Stop) for I2C_Stop
    i2c.o(i.I2C_Write_Bytes) refers to stm32f10x_i2c.o(i.I2C_GetFlagStatus) for I2C_GetFlagStatus
    main.o(i.main) refers to _printf_percent.o(.ARM.Collect$$_printf_percent$$00000000) for _printf_percent
[...]
    ../clib/printf.c                         0x00000000   Number         0  _printf_hex_int_ll_ptr.o ABSOLUTE
    ../clib/printf.c                         0x00000000   Number         0  _printf_hex_ll_ptr.o ABSOLUTE
    ../clib/printf.c                         0x00000000   Number         0  _printf_fp_infnan.o ABSOLUTE
    ../clib/printf.c                         0x00000000   Number         0  __printf_ss_wp.o ABSOLUTE
    ../clib/printf.c                         0x00000000   Number         0  __printf_flags_ss_wp.o ABSOLUTE
    ../clib/printf.c                         0x00000000   Number         0  __2printf.o ABSOLUTE
    ../clib/printf.c                         0x00000000   Number         0  noretval__2printf.o ABSOLUTE
    ../clib/printf.c                         0x00000000   Number         0  _printf_char_file.o ABSOLUTE
    ../clib/printf.c                         0x00000000   Number         0  __printf.o ABSOLUTE
    ../clib/printf.c                         0x00000000   Number         0  __printf_flags_wp.o ABSOLUTE
    ../clib/printf.c                         0x00000000   Number         0  _printf_intcommon.o ABSOLUTE
    ../clib/printf.c                         0x00000000   Number         0  _printf_char_common.o ABSOLUTE
    ../clib/printf.c                         0x00000000   Number         0  _printf_pad.o ABSOLUTE
    ../clib/printf.c                         0x00000000   Number         0  _printf_hex_ll.o ABSOLUTE
    ../clib/printf.c                         0x00000000   Number         0  _printf_fp_dec.o ABSOLUTE
    ../clib/printf.c                         0x00000000   Number         0  _printf_hex_int.o ABSOLUTE
    ../clib/printf.c                         0x00000000   Number         0  _printf_hex_int_ptr.o ABSOLUTE
    ../clib/printf.c                         0x00000000   Number         0  __printf_wp.o ABSOLUTE
    ../clib/printf.c                         0x00000000   Number         0  __printf_flags_ss.o ABSOLUTE
    ../clib/printf.c                         0x00000000   Number         0  __printf_ss.o ABSOLUTE
    ../clib/printf.c                         0x00000000   Number         0  _printf_hex_int_ll.o ABSOLUTE
    ../clib/printf.c                         0x00000000   Number         0  __printf_nopercent.o ABSOLUTE
    ../clib/printf_percent.s                 0x00000000   Number         0  _printf_percent.o ABSOLUTE
    ../clib/printf_percent.s                 0x00000000   Number         0  _printf_f.o ABSOLUTE
    ../clib/printf_percent.s                 0x00000000   Number         0  _printf_x.o ABSOLUTE
    ../clib/printf_percent.s                 0x00000000   Number         0  _printf_percent_end.o ABSOLUTE
    ../clib/signal.c                         0x00000000   Number         0  defsig_stak_inner.o ABSOLUTE
    ../clib/signal.c                         0x00000000   Number         0  defsig_cppl_inner.o ABSOLUTE
    ../clib/signal.c                         0x00000000   Number         0  defsig_segv_inner.o ABSOLUTE
    ../clib/signal.c                         0x00000000   Number         0  defsig_other.o ABSOLUTE
    ../clib/signal.c                         0x00000000   Number         0  defsig_pvfn_inner.o ABSOLUTE
    ../clib/signal.c                         0x00000000   Number         0  defsig_general.o ABSOLUTE
    ../clib/signal.c                         0x00000000   Number         0  __raise.o ABSOLUTE
    ../clib/signal.c                         0x00000000   Number         0  defsig_rtmem_inner.o ABSOLUTE
    ../clib/signal.c                         0x00000000   Number         0  defsig_exit.o ABSOLUTE
    ../clib/signal.c                         0x00000000   Number         0  defsig_abrt_inner.o ABSOLUTE
    ../clib/signal.c                         0x00000000   Number         0  defsig_fpe_inner.o ABSOLUTE
    ../clib/signal.c                         0x00000000   Number         0  defsig_rtred_inner.o ABSOLUTE
    ../clib/signal.c                         0x00000000   Number         0  defsig_rtmem_formal.o ABSOLUTE
    ../clib/signal.c                         0x00000000   Number         0  defsig_rtmem_outer.o ABSOLUTE
    ../clib/signal.s                         0x00000000   Number         0  defsig.o ABSOLUTE
    ../clib/stdio.c                          0x00000000   Number         0  ferror_locked.o ABSOLUTE
    ../clib/stdio.c                          0x00000000   Number         0  ferror.o ABSOLUTE
    ../clib/stdlib.c                         0x00000000   Number         0  exit.o ABSOLUTE
    ../fplib/dretinf.s                       0x00000000   Number         0  dretinf.o ABSOLUTE
    ../fplib/f2d.s                           0x00000000   Number         0  f2d.o ABSOLUTE
    ../fplib/faddsub.s                       0x00000000   Number         0  faddsub_clz.o ABSOLUTE
    ../fplib/fcheck1.s                       0x00000000   Number         0  fcheck1.o ABSOLUTE
    ../fplib/fdiv.s                          0x00000000   Number         0  fdiv.o ABSOLUTE
    ../fplib/fflt.s                          0x00000000   Number         0  fflt_clz.o ABSOLUTE
    ../fplib/fmul.s                          0x00000000   Number         0  fmul.o ABSOLUTE
    ../fplib/fnaninf.s                       0x00000000   Number         0  fnaninf.o ABSOLUTE
    ../fplib/fpinit.s                        0x00000000   Number         0  fpinit.o ABSOLUTE
    ../fplib/fretinf.s                       0x00000000   Number         0  fretinf.o ABSOLUTE
    ../fplib/fsqrt.s                         0x00000000   Number         0  fsqrt.o ABSOLUTE
    ../fplib/istatus.s                       0x00000000   Number         0  istatus.o ABSOLUTE
    ../fplib/printf1.s                       0x00000000   Number         0  printf1.o ABSOLUTE
    ../fplib/retnan.s                        0x00000000   Number         0  retnan.o ABSOLUTE
    ../fplib/scalbnf.s                       0x00000000   Number         0  scalbnf.o ABSOLUTE
    ../fplib/trapv.s                         0x00000000   Number         0  trapv.o ABSOLUTE
    ../fplib/usenofp.s                       0x00000000   Number         0  usenofp.o ABSOLUTE
    ../mathlib/atan2f.c                      0x00000000   Number         0  atan2f.o ABSOLUTE
    ../mathlib/atan2f.c                      0x00000000   Number         0  atan2f_x.o ABSOLUTE
    ../mathlib/fpclassify.c                  0x00000000   Number         0  fpclassify.o ABSOLUTE
    ../mathlib/fpclassifyf.c                 0x00000000   Number         0  fpclassifyf.o ABSOLUTE
    ../mathlib/funder.c                      0x00000000   Number         0  funder.o ABSOLUTE
    ../mathlib/sqrtf.c                       0x00000000   Number         0  sqrtf.o ABSOLUTE
    ../mathlib/sqrtf.c                       0x00000000   Number         0  sqrtf_x.o ABSOLUTE
    ..\USER\i2c.c                            0x00000000   Number         0  i2c.o ABSOLUTE
    ..\USER\main.c                           0x00000000   Number         0  main.o ABSOLUTE
    ..\USER\mpu6050.c                        0x00000000   Number         0  mpu6050.o ABSOLUTE
    ..\USER\printf_redirect.c                0x00000000   Number         0  printf_redirect.o ABSOLUTE
    ..\USER\systick.c                        0x00000000   Number         0  systick.o ABSOLUTE
    ..\USER\uart.c                           0x00000000   Number         0  uart.o ABSOLUTE
    ..\\USER\\i2c.c                          0x00000000   Number         0  i2c.o ABSOLUTE
    ..\\USER\\main.c                         0x00000000   Number         0  main.o ABSOLUTE
    ..\\USER\\mpu6050.c                      0x00000000   Number         0  mpu6050.o ABSOLUTE
    ..\\USER\\printf_redirect.c              0x00000000   Number         0  printf_redirect.o ABSOLUTE
    ..\\USER\\systick.c                      0x00000000   Number         0  systick.o ABSOLUTE
    ..\\USER\\uart.c                         0x00000000   Number         0  uart.o ABSOLUTE
    E:\Program_Files\ARM\Packs\Keil\STM32F1xx_DFP\2.4.1\Device\StdPeriph_Driver\src\misc.c 0x00000000   Number         0  misc.o ABSOLUTE
    E:\Program_Files\ARM\Packs\Keil\STM32F1xx_DFP\2.4.1\Device\StdPeriph_Driver\src\stm32f10x_gpio.c 0x00000000   Number         0  stm32f10x_gpio.o ABSOLUTE
    E:\Program_Files\ARM\Packs\Keil\STM32F1xx_DFP\2.4.1\Device\StdPeriph_Driver\src\stm32f10x_i2c.c 0x00000000   Number         0  stm32f10x_i2c.o ABSOLUTE
    E:\Program_Files\ARM\Packs\Keil\STM32F1xx_DFP\2.4.1\Device\StdPeriph_Driver\src\stm32f10x_rcc.c 0x00000000   Number         0  stm32f10x_rcc.o ABSOLUTE
    E:\Program_Files\ARM\Packs\Keil\STM32F1xx_DFP\2.4.1\Device\StdPeriph_Driver\src\stm32f10x_usart.c 0x00000000   Number         0  stm32f10x_usart.o ABSOLUTE
    E:\\Program_Files\\ARM\\Packs\\Keil\\STM32F1xx_DFP\\2.4.1\\Device\\StdPeriph_Driver\\src\\misc.c 0x00000000   Number         0  misc.o ABSOLUTE
    E:\\Program_Files\\ARM\\Packs\\Keil\\STM32F1xx_DFP\\2.4.1\\Device\\StdPeriph_Driver\\src\\stm32f10x_gpio.c 0x00000000   Number         0  stm32f10x_gpio.o ABSOLUTE
    E:\\Program_Files\\ARM\\Packs\\Keil\\STM32F1xx_DFP\\2.4.1\\Device\\StdPeriph_Driver\\src\\stm32f10x_i2c.c 0x00000000   Number         0  stm32f10x_i2c.o ABSOLUTE
    E:\\Program_Files\\ARM\\Packs\\Keil\\STM32F1xx_DFP\\2.4.1\\Device\\StdPeriph_Driver\\src\\stm32f10x_rcc.c 0x00000000   Number         0  stm32f10x_rcc.o ABSOLUTE
    E:\\Program_Files\\ARM\\Packs\\Keil\\STM32F1xx_DFP\\2.4.1\\Device\\StdPeriph_Driver\\src\\stm32f10x_usart.c 0x00000000   Number         0  stm32f10x_usart.o ABSOLUTE
    RTE\Device\STM32F103C8\startup_stm32f10x_md.s 0x00000000   Number         0  startup_stm32f10x_md.o ABSOLUTE
    RTE\Device\STM32F103C8\system_stm32f10x.c 0x00000000   Number         0  system_stm32f10x.o ABSOLUTE
    RTE\\Device\\STM32F103C8\\system_stm32f10x.c 0x00000000   Number         0  system_stm32f10x.o ABSOLUTE
    dc.s                                     0x00000000   Number         0  dc.o ABSOLUTE
    RESET                                    0x08000000   Section      236  startup_stm32f10x_md.o(RESET)
    !!!main                                  0x080000ec   Section        8  __main.o(!!!main)
    !!!scatter                               0x080000f4   Section       52  __scatter.o(!!!scatter)
    !!handler_copy                           0x08000128   Section       26  __scatter_copy.o(!!handler_copy)
    !!handler_zi                             0x08000144   Section       28  __scatter_zi.o(!!handler_zi)
    .ARM.Collect$$_printf_percent$$00000000  0x08000160   Section        0  _printf_percent.o(.ARM.Collect$$_printf_percent$$00000000)
    .ARM.Collect$$_printf_percent$$00000003  0x08000160   Section        6  _printf_f.o(.ARM.Collect$$_printf_percent$$00000003)
    .ARM.Collect$$_printf_percent$$00000017  0x08000166   Section        4  _printf_percent_end.o(.ARM.Collect$$_printf_percent$$00000017)
    .ARM.Collect$$libinit$$00000000          0x0800016a   Section        2  libinit.o(.ARM.Collect$$libinit$$00000000)
    .ARM.Collect$$libinit$$00000002          0x0800016c   Section        0  libinit2.o(.ARM.Collect$$libinit$$00000002)
    .ARM.Collect$$libinit$$00000004          0x0800016c   Section        0  libinit2.o(.ARM.Collect$$libinit$$00000004)
    .ARM.Collect$$libinit$$0000000A          0x0800016c   Section        0  libinit2.o(.ARM.Collect$$libinit$$0000000A)
    .ARM.Collect$$libinit$$0000000C          0x0800016c   Section        0  libinit2.o(.ARM.Collect$$libinit$$0000000C)
    .ARM.Collect$$libinit$$0000000E          0x0800016c   Section        0  libinit2.o(.ARM.Collect$$libinit$$0000000E)
    .ARM.Collect$$libinit$$0000000F          0x0800016c   Section        6  libinit2.o(.ARM.Collect$$libinit$$0000000F)
    .ARM.Collect$$libinit$$00000011          0x08000172   Section        0  libinit2.o(.ARM.Collect$$libinit$$00000011)
    .ARM.Collect$$libinit$$00000013          0x08000172   Section        0  libinit2.o(.ARM.Collect$$libinit$$00000013)
    .ARM.Collect$$libinit$$00000015          0x08000172   Section        0  libinit2.o(.ARM.Collect$$libinit$$00000015)
    .ARM.Collect$$libinit$$00000016          0x08000172   Section       10  libinit2.o(.ARM.Collect$$libinit$$00000016)
    .ARM.Collect$$libinit$$00000017          0x0800017c   Section        0  libinit2.o(.ARM.Collect$$libinit$$00000017)
    .ARM.Collect$$libinit$$00000019          0x0800017c   Section        0  libinit2.o(.ARM.Collect$$libinit$$00000019)
    .ARM.Collect$$libinit$$0000001B          0x0800017c   Section        0  libinit2.o(.ARM.Collect$$libinit$$0000001B)
    .ARM.Collect$$libinit$$0000001D          0x0800017c   Section        0  libinit2.o(.ARM.Collect$$libinit$$0000001D)
    .ARM.Collect$$libinit$$0000001F          0x0800017c   Section        0  libinit2.o(.ARM.Collect$$libinit$$0000001F)
    .ARM.Collect$$libinit$$00000021          0x0800017c   Section        0  libinit2.o(.ARM.Collect$$libinit$$00000021)
    .ARM.Collect$$libinit$$00000023          0x0800017c   Section        0  libinit2.o(.ARM.Collect$$libinit$$00000023)
    .ARM.Collect$$libinit$$00000025          0x0800017c   Section        0  libinit2.o(.ARM.Collect$$libinit$$00000025)
    .ARM.Collect$$libinit$$0000002C          0x0800017c   Section        0  libinit2.o(.ARM.Collect$$libinit$$0000002C)
    .ARM.Collect$$libinit$$0000002E          0x0800017c   Section        0  libinit2.o(.ARM.Collect$$libinit$$0000002E)
    .ARM.Collect$$libinit$$00000030          0x0800017c   Section        0  libinit2.o(.ARM.Collect$$libinit$$00000030)
    .ARM.Collect$$libinit$$00000032          0x0800017c   Section        0  libinit2.o(.ARM.Collect$$libinit$$00000032)
    .ARM.Collect$$libinit$$00000033          0x0800017c   Section        2  libinit2.o(.ARM.Collect$$libinit$$00000033)
    .ARM.Collect$$libshutdown$$00000000      0x0800017e   Section        2  libshutdown.o(.ARM.Collect$$libshutdown$$00000000)
    .ARM.Collect$$libshutdown$$00000002      0x08000180   Section        0  libshutdown2.o(.ARM.Collect$$libshutdown$$00000002)
    .ARM.Collect$$libshutdown$$00000004      0x08000180   Section        0  libshutdown2.o(.ARM.Collect$$libshutdown$$00000004)
    .ARM.Collect$$libshutdown$$00000007      0x08000180   Section        0  libshutdown2.o(.ARM.Collect$$libshutdown$$00000007)
    .ARM.Collect$$libshutdown$$0000000A      0x08000180   Section        0  libshutdown2.o(.ARM.Collect$$libshutdown$$0000000A)
    .ARM.Collect$$libshutdown$$0000000C      0x08000180   Section        0  libshutdown2.o(.ARM.Collect$$libshutdown$$0000000C)
    .ARM.Collect$$libshutdown$$0000000F      0x08000180   Section        0  libshutdown2.o(.ARM.Collect$$libshutdown$$0000000F)
    .ARM.Collect$$libshutdown$$00000010      0x08000180   Section        2  libshutdown2.o(.ARM.Collect$$libshutdown$$00000010)
    .ARM.Collect$$rtentry$$00000000          0x08000182   Section        0  __rtentry.o(.ARM.Collect$$rtentry$$00000000)
    .ARM.Collect$$rtentry$$00000002          0x08000182   Section        0  __rtentry2.o(.ARM.Collect$$rtentry$$00000002)
    .ARM.Collect$$rtentry$$00000004          0x08000182   Section        6  __rtentry4.o(.ARM.Collect$$rtentry$$00000004)
    .ARM.Collect$$rtentry$$00000009          0x08000188   Section        0  __rtentry2.o(.ARM.Collect$$rtentry$$00000009)
    .ARM.Collect$$rtentry$$0000000A          0x08000188   Section        4  __rtentry2.o(.ARM.Collect$$rtentry$$0000000A)
    .ARM.Collect$$rtentry$$0000000C          0x0800018c   Section        0  __rtentry2.o(.ARM.Collect$$rtentry$$0000000C)
    .ARM.Collect$$rtentry$$0000000D          0x0800018c   Section        8  __rtentry2.o(.ARM.Collect$$rtentry$$0000000D)
    .ARM.Collect$$rtexit$$00000000           0x08000194   Section        2  rtexit.o(.ARM.Collect$$rtexit$$00000000)
    .ARM.Collect$$rtexit$$00000002           0x08000196   Section        0  rtexit2.o(.ARM.Collect$$rtexit$$00000002)
    .ARM.Collect$$rtexit$$00000003           0x08000196   Section        4  rtexit2.o(.ARM.Collect$$rtexit$$00000003)
    .ARM.Collect$$rtexit$$00000004           0x0800019a   Section        6  rtexit2.o(.ARM.Collect$$rtexit$$00000004)
    .text                                    0x080001a0   Section       64  startup_stm32f10x_md.o(.text)
    .text                                    0x080001e0   Section        2  use_no_semi_2.o(.text)
    .text                                    0x080001e4   Section        0  noretval__2printf.o(.text)
    .text                                    0x080001fc   Section        0  __printf_flags_wp.o(.text)
    .text                                    0x08000334   Section        0  heapauxi.o(.text)
    .text                                    0x0800033a   Section        2  use_no_semi.o(.text)
    .text                                    0x0800033c   Section        0  _rserrno.o(.text)
    .text                                    0x08000352   Section        0  _printf_fp_dec.o(.text)
    _fp_digits                               0x08000355   Thumb Code   432  _printf_fp_dec.o(.text)
    .text                                    0x08000770   Section        0  _printf_char_file.o(.text)
    .text                                    0x08000794   Section        8  rt_locale_intlibspace.o(.text)
    .text                                    0x0800079c   Section        8  rt_errno_addr_intlibspace.o(.text)
    .text                                    0x080007a4   Section      138  lludiv10.o(.text)
    .text                                    0x08000830   Section        0  _printf_char_common.o(.text)
    _printf_input_char                       0x08000831   Thumb Code    10  _printf_char_common.o(.text)
    .text                                    0x08000860   Section        0  _printf_fp_infnan.o(.text)
    .text                                    0x080008e0   Section        0  bigflt0.o(.text)
    .text                                    0x080009c4   Section        0  ferror.o(.text)
    .text                                    0x080009cc   Section        8  libspace.o(.text)
    .text                                    0x080009d4   Section       74  sys_stackheap_outer.o(.text)
    .text                                    0x08000a1e   Section        0  exit.o(.text)
    .text                                    0x08000a30   Section      128  strcmpv7m.o(.text)
    CL$$btod_d2e                             0x08000ab0   Section       62  btod.o(CL$$btod_d2e)
    CL$$btod_d2e_denorm_low                  0x08000aee   Section       70  btod.o(CL$$btod_d2e_denorm_low)
    CL$$btod_d2e_norm_op1                    0x08000b34   Section       96  btod.o(CL$$btod_d2e_norm_op1)
    CL$$btod_div_common                      0x08000b94   Section      824  btod.o(CL$$btod_div_common)
    CL$$btod_e2e                             0x08000ecc   Section      220  btod.o(CL$$btod_e2e)
    CL$$btod_ediv                            0x08000fa8   Section       42  btod.o(CL$$btod_ediv)
    CL$$btod_emul                            0x08000fd2   Section       42  btod.o(CL$$btod_emul)
    CL$$btod_mult_common                     0x08000ffc   Section      580  btod.o(CL$$btod_mult_common)
    i.Delay_Ms                               0x08001240   Section        0  systick.o(i.Delay_Ms)
    Delay_Ms                                 0x08001241   Thumb Code    24  systick.o(i.Delay_Ms)
    i.GPIO_Enable_Clock                      0x08001258   Section        0  uart.o(i.GPIO_Enable_Clock)
    GPIO_Enable_Clock                        0x08001259   Thumb Code    58  uart.o(i.GPIO_Enable_Clock)
    i.GPIO_Init                              0x080012a0   Section        0  stm32f10x_gpio.o(i.GPIO_Init)
    i.Get_Tick                               0x080013b8   Section        0  systick.o(i.Get_Tick)
    Get_Tick                                 0x080013b9   Thumb Code     6  systick.o(i.Get_Tick)
    i.I2C_AcknowledgeConfig                  0x080013c4   Section        0  stm32f10x_i2c.o(i.I2C_AcknowledgeConfig)
    i.I2C_CheckEvent                         0x080013dc   Section        0  stm32f10x_i2c.o(i.I2C_CheckEvent)
    i.I2C_Cmd                                0x08001406   Section        0  stm32f10x_i2c.o(i.I2C_Cmd)
    i.I2C_Custom_Init                        0x08001420   Section        0  i2c.o(i.I2C_Custom_Init)
    i.I2C_GenerateSTART                      0x08001470   Section        0  stm32f10x_i2c.o(i.I2C_GenerateSTART)
    i.I2C_GenerateSTOP                       0x08001488   Section        0  stm32f10x_i2c.o(i.I2C_GenerateSTOP)
    i.I2C_GetFlagStatus                      0x080014a0   Section        0  stm32f10x_i2c.o(i.I2C_GetFlagStatus)
    i.I2C_Init                               0x080014dc   Section        0  stm32f10x_i2c.o(i.I2C_Init)
    i.I2C_Pins_Init                          0x080015c8   Section        0  i2c.o(i.I2C_Pins_Init)
    i.I2C_Read_Byte                          0x080015f8   Section        0  i2c.o(i.I2C_Read_Byte)
    i.I2C_Read_Bytes                         0x08001678   Section        0  i2c.o(i.I2C_Read_Bytes)
    i.I2C_ReceiveData                        0x08001710   Section        0  stm32f10x_i2c.o(i.I2C_ReceiveData)
    i.I2C_Receive_Data_Wait                  0x08001718   Section        0  i2c.o(i.I2C_Receive_Data_Wait)
    I2C_Receive_Data_Wait                    0x08001719   Thumb Code    30  i2c.o(i.I2C_Receive_Data_Wait)
    i.I2C_Send7bitAddress                    0x08001740   Section        0  stm32f10x_i2c.o(i.I2C_Send7bitAddress)
    i.I2C_SendData                           0x08001752   Section        0  stm32f10x_i2c.o(i.I2C_SendData)
    i.I2C_Send_Address                       0x08001758   Section        0  i2c.o(i.I2C_Send_Address)
    I2C_Send_Address                         0x08001759   Thumb Code    36  i2c.o(i.I2C_Send_Address)
    i.I2C_Send_Data_Wait                     0x08001788   Section        0  i2c.o(i.I2C_Send_Data_Wait)
    I2C_Send_Data_Wait                       0x08001789   Thumb Code    20  i2c.o(i.I2C_Send_Data_Wait)
    i.I2C_Start                              0x080017a4   Section        0  i2c.o(i.I2C_Start)
    I2C_Start                                0x080017a5   Thumb Code    18  i2c.o(i.I2C_Start)
    i.I2C_Stop                               0x080017c0   Section        0  i2c.o(i.I2C_Stop)
    I2C_Stop                                 0x080017c1   Thumb Code    12  i2c.o(i.I2C_Stop)
    i.I2C_Wait_Event                         0x080017d0   Section        0  i2c.o(i.I2C_Wait_Event)
    I2C_Wait_Event                           0x080017d1   Thumb Code    36  i2c.o(i.I2C_Wait_Event)
    i.I2C_Wait_Flag                          0x080017f8   Section        0  i2c.o(i.I2C_Wait_Flag)
    I2C_Wait_Flag                            0x080017f9   Thumb Code    42  i2c.o(i.I2C_Wait_Flag)
    i.I2C_Write_Byte                         0x08001828   Section        0  i2c.o(i.I2C_Write_Byte)
    i.MPU6050_Calibrate                      0x0800187c   Section        0  mpu6050.o(i.MPU6050_Calibrate)
    i.MPU6050_Get_Pitch                      0x08001944   Section        0  mpu6050.o(i.MPU6050_Get_Pitch)
    i.MPU6050_Get_Roll                       0x0800199c   Section        0  mpu6050.o(i.MPU6050_Get_Roll)
    i.MPU6050_Init                           0x080019f4   Section        0  mpu6050.o(i.MPU6050_Init)
    i.MPU6050_Read_Accel                     0x08001ab4   Section        0  mpu6050.o(i.MPU6050_Read_Accel)
    i.MPU6050_Read_Accel_Calibrated          0x08001b00   Section        0  mpu6050.o(i.MPU6050_Read_Accel_Calibrated)
    i.MPU6050_Read_Gyro                      0x08001b74   Section        0  mpu6050.o(i.MPU6050_Read_Gyro)
    i.MPU6050_Read_Gyro_Calibrated           0x08001bc0   Section        0  mpu6050.o(i.MPU6050_Read_Gyro_Calibrated)
    i.NVIC_Init                              0x08001c34   Section        0  misc.o(i.NVIC_Init)
    i.NVIC_PriorityGroupConfig               0x08001ca4   Section        0  misc.o(i.NVIC_PriorityGroupConfig)
    i.RCC_APB1PeriphClockCmd                 0x08001cb8   Section        0  stm32f10x_rcc.o(i.RCC_APB1PeriphClockCmd)
    i.RCC_APB2PeriphClockCmd                 0x08001cd8   Section        0  stm32f10x_rcc.o(i.RCC_APB2PeriphClockCmd)
    i.RCC_GetClocksFreq                      0x08001cf8   Section        0  stm32f10x_rcc.o(i.RCC_GetClocksFreq)
    i.SetSysClock                            0x08001dcc   Section        0  system_stm32f10x.o(i.SetSysClock)
    SetSysClock                              0x08001dcd   Thumb Code     8  system_stm32f10x.o(i.SetSysClock)
    i.SetSysClockTo72                        0x08001dd4   Section        0  system_stm32f10x.o(i.SetSysClockTo72)
    SetSysClockTo72                          0x08001dd5   Thumb Code   214  system_stm32f10x.o(i.SetSysClockTo72)
    i.SysTick_Handler                        0x08001eb4   Section        0  systick.o(i.SysTick_Handler)
    i.SysTick_Init                           0x08001ec4   Section        0  systick.o(i.SysTick_Init)
    SysTick_Init                             0x08001ec5   Thumb Code    94  systick.o(i.SysTick_Init)
    i.SystemCoreClockUpdate                  0x08001f30   Section        0  system_stm32f10x.o(i.SystemCoreClockUpdate)
    i.SystemInit                             0x08001fd4   Section        0  system_stm32f10x.o(i.SystemInit)
    i.UART_Clear_Flag                        0x08002034   Section        0  uart.o(i.UART_Clear_Flag)
    UART_Clear_Flag                          0x08002035   Thumb Code    24  uart.o(i.UART_Clear_Flag)
    i.UART_Enable_Clock                      0x08002050   Section        0  uart.o(i.UART_Enable_Clock)
    UART_Enable_Clock                        0x08002051   Thumb Code    58  uart.o(i.UART_Enable_Clock)
    i.UART_Enable_IRQ                        0x08002098   Section        0  uart.o(i.UART_Enable_IRQ)
    UART_Enable_IRQ                          0x08002099   Thumb Code   106  uart.o(i.UART_Enable_IRQ)
    i.UART_Get_Flag                          0x08002110   Section        0  uart.o(i.UART_Get_Flag)
    UART_Get_Flag                            0x08002111   Thumb Code    30  uart.o(i.UART_Get_Flag)
    i.UART_Pins_Init                         0x08002134   Section        0  uart.o(i.UART_Pins_Init)
    UART_Pins_Init                           0x08002135   Thumb Code    64  uart.o(i.UART_Pins_Init)
    i.UART_Receive_Char                      0x08002178   Section        0  uart.o(i.UART_Receive_Char)
    UART_Receive_Char                        0x08002179   Thumb Code    14  uart.o(i.UART_Receive_Char)
    i.UART_Send_Char                         0x08002186   Section        0  uart.o(i.UART_Send_Char)
    UART_Send_Char                           0x08002187   Thumb Code    30  uart.o(i.UART_Send_Char)
    i.UART_Send_Line                         0x080021a4   Section        0  uart.o(i.UART_Send_Line)
    UART_Send_Line                           0x080021a5   Thumb Code    24  uart.o(i.UART_Send_Line)
    i.UART_Send_String                       0x080021c0   Section        0  uart.o(i.UART_Send_String)
    UART_Send_String                         0x080021c1   Thumb Code    26  uart.o(i.UART_Send_String)
    i.UART_Set_Flag                          0x080021dc   Section        0  uart.o(i.UART_Set_Flag)
    UART_Set_Flag                            0x080021dd   Thumb Code    24  uart.o(i.UART_Set_Flag)
    i.UARTx_Init                             0x080021f8   Section        0  uart.o(i.UARTx_Init)
    UARTx_Init                               0x080021f9   Thumb Code    44  uart.o(i.UARTx_Init)
    i.USART1_IRQHandler                      0x08002224   Section        0  uart.o(i.USART1_IRQHandler)
    i.USART1_Send_Char                       0x0800224c   Section        0  printf_redirect.o(i.USART1_Send_Char)
    USART1_Send_Char                         0x0800224d   Thumb Code    28  printf_redirect.o(i.USART1_Send_Char)
    i.USART2_IRQHandler                      0x0800226c   Section        0  uart.o(i.USART2_IRQHandler)
    i.USART3_IRQHandler                      0x08002294   Section        0  uart.o(i.USART3_IRQHandler)
    i.USART_ClearITPendingBit                0x080022bc   Section        0  stm32f10x_usart.o(i.USART_ClearITPendingBit)
    i.USART_Cmd                              0x080022da   Section        0  stm32f10x_usart.o(i.USART_Cmd)
    i.USART_GetFlagStatus                    0x080022f2   Section        0  stm32f10x_usart.o(i.USART_GetFlagStatus)
    i.USART_GetITStatus                      0x0800230c   Section        0  stm32f10x_usart.o(i.USART_GetITStatus)
    i.USART_ITConfig                         0x08002360   Section        0  stm32f10x_usart.o(i.USART_ITConfig)
    i.USART_Init                             0x080023ac   Section        0  stm32f10x_usart.o(i.USART_Init)
    i.USART_ReceiveData                      0x08002484   Section        0  stm32f10x_usart.o(i.USART_ReceiveData)
    i.USART_SendData                         0x0800248e   Section        0  stm32f10x_usart.o(i.USART_SendData)
    i.__ARM_fpclassify                       0x08002496   Section        0  fpclassify.o(i.__ARM_fpclassify)
    i.__ARM_fpclassifyf                      0x080024be   Section        0  fpclassifyf.o(i.__ARM_fpclassifyf)
    i.__mathlib_flt_infnan2                  0x080024e4   Section        0  funder.o(i.__mathlib_flt_infnan2)
    i.__mathlib_flt_underflow                0x080024e8   Section        0  funder.o(i.__mathlib_flt_underflow)
    i._is_digit                              0x080024f2   Section        0  __printf_wp.o(i._is_digit)
    i._sys_exit                              0x08002500   Section        0  printf_redirect.o(i._sys_exit)
    i.atan2f                                 0x08002504   Section        0  atan2f.o(i.atan2f)
    i.fputc                                  0x08002760   Section        0  printf_redirect.o(i.fputc)
    i.main                                   0x08002770   Section        0  main.o(i.main)
    i.sqrtf                                  0x0800293c   Section        0  sqrtf.o(i.sqrtf)
    locale$$code                             0x08002968   Section       44  lc_numeric_c.o(locale$$code)
    x$fpl$dretinf                            0x08002994   Section       12  dretinf.o(x$fpl$dretinf)
    x$fpl$f2d                                0x080029a0   Section       86  f2d.o(x$fpl$f2d)
    x$fpl$fadd                               0x080029f8   Section      196  faddsub_clz.o(x$fpl$fadd)
    _fadd1                                   0x08002a07   Thumb Code     0  faddsub_clz.o(x$fpl$fadd)
    x$fpl$fcheck1                            0x08002abc   Section       12  fcheck1.o(x$fpl$fcheck1)
    x$fpl$fdiv                               0x08002ac8   Section      388  fdiv.o(x$fpl$fdiv)
    _fdiv1                                   0x08002ac9   Thumb Code     0  fdiv.o(x$fpl$fdiv)
    x$fpl$fflt                               0x08002c4c   Section       48  fflt_clz.o(x$fpl$fflt)
    x$fpl$fmul                               0x08002c7c   Section      258  fmul.o(x$fpl$fmul)
    x$fpl$fnaninf                            0x08002d7e   Section      140  fnaninf.o(x$fpl$fnaninf)
    x$fpl$fretinf                            0x08002e0a   Section       10  fretinf.o(x$fpl$fretinf)
    x$fpl$frsb                               0x08002e14   Section       20  faddsub_clz.o(x$fpl$frsb)
    x$fpl$fsqrt                              0x08002e28   Section      272  fsqrt.o(x$fpl$fsqrt)
    x$fpl$fsub                               0x08002f38   Section      234  faddsub_clz.o(x$fpl$fsub)
    _fsub1                                   0x08002f47   Thumb Code     0  faddsub_clz.o(x$fpl$fsub)
    x$fpl$printf1                            0x08003022   Section        4  printf1.o(x$fpl$printf1)
    x$fpl$retnan                             0x08003026   Section      100  retnan.o(x$fpl$retnan)
    x$fpl$scalbnf                            0x0800308a   Section       76  scalbnf.o(x$fpl$scalbnf)
    x$fpl$trapveneer                         0x080030d6   Section       48  trapv.o(x$fpl$trapveneer)
    x$fpl$usenofp                            0x08003106   Section        0  usenofp.o(x$fpl$usenofp)
    .constdata                               0x08003108   Section       12  systick.o(.constdata)
    .constdata                               0x08003114   Section       88  uart.o(.constdata)
    .constdata                               0x0800316c   Section       17  __printf_flags_wp.o(.constdata)
    maptable                                 0x0800316c   Data          17  __printf_flags_wp.o(.constdata)
    .constdata                               0x08003180   Section      148  bigflt0.o(.constdata)
    tenpwrs_x                                0x08003180   Data          60  bigflt0.o(.constdata)
    tenpwrs_i                                0x080031bc   Data          64  bigflt0.o(.constdata)
    locale$$data                             0x08003234   Section       28  lc_numeric_c.o(locale$$data)
    __lcnum_c_name                           0x08003238   Data           2  lc_numeric_c.o(locale$$data)
    __lcnum_c_start                          0x08003240   Data           0  lc_numeric_c.o(locale$$data)
    __lcnum_c_point                          0x0800324c   Data           0  lc_numeric_c.o(locale$$data)
    __lcnum_c_thousands                      0x0800324e   Data           0  lc_numeric_c.o(locale$$data)
    __lcnum_c_grouping                       0x0800324f   Data           0  lc_numeric_c.o(locale$$data)
    __lcnum_c_end                            0x08003250   Data           0  lc_numeric_c.o(locale$$data)
    .data                                    0x20000000   Section       44  main.o(.data)
    .data                                    0x2000002c   Section        4  printf_redirect.o(.data)
    .data                                    0x20000030   Section        4  systick.o(.data)
    tick_ms                                  0x20000030   Data           4  systick.o(.data)
    .data                                    0x20000034   Section        6  uart.o(.data)
    uart_flag                                0x20000034   Data           6  uart.o(.data)
    .data                                    0x2000003a   Section       13  mpu6050.o(.data)
    AccX_offset                              0x2000003a   Data           2  mpu6050.o(.data)
    AccY_offset                              0x2000003c   Data           2  mpu6050.o(.data)
    AccZ_offset                              0x2000003e   Data           2  mpu6050.o(.data)
    GyroX_offset                             0x20000040   Data           2  mpu6050.o(.data)
    GyroY_offset                             0x20000042   Data           2  mpu6050.o(.data)
    GyroZ_offset                             0x20000044   Data           2  mpu6050.o(.data)
    .data                                    0x20000047   Section       20  stm32f10x_rcc.o(.data)
    APBAHBPrescTable                         0x20000047   Data          16  stm32f10x_rcc.o(.data)
    ADCPrescTable                            0x20000057   Data           4  stm32f10x_rcc.o(.data)
    .data                                    0x2000005c   Section       20  system_stm32f10x.o(.data)
    .bss                                     0x20000070   Section       96  libspace.o(.bss)
    HEAP                                     0x200000d0   Section      512  startup_stm32f10x_md.o(HEAP)
    Heap_Mem                                 0x200000d0   Data         512  startup_stm32f10x_md.o(HEAP)
    STACK                                    0x200002d0   Section     1024  startup_stm32f10x_md.o(STACK)
    Stack_Mem                                0x200002d0   Data        1024  startup_stm32f10x_md.o(STACK)
    __initial_sp                             0x200006d0   Data           0  startup_stm32f10x_md.o(STACK)

    Global Symbols

    Symbol Name                              Value     Ov Type        Size  Object(Section)

    BuildAttributes$$THM_ISAv4$P$D$K$B$S$PE$A:L22UL41UL21$X:L11$S22US41US21$IEEE1$IW$USESV6$~STKCKD$USESV7$~SHL$OTIME$ROPI$IEEEX$EBA8$UX$STANDARDLIB$REQ8$PRES8$EABIv2 0x00000000   Number         0  anon$$obj.o ABSOLUTE
    __ARM_use_no_argv                        0x00000000   Number         0  main.o ABSOLUTE
    _printf_flags                            0x00000000   Number         0  printf_stubs.o ABSOLUTE
    _printf_return_value                     0x00000000   Number         0  printf_stubs.o ABSOLUTE
    _printf_sizespec                         0x00000000   Number         0  printf_stubs.o ABSOLUTE
    _printf_widthprec                        0x00000000   Number         0  printf_stubs.o ABSOLUTE
    __ARM_exceptions_init                     - Undefined Weak Reference
    __alloca_initialize                       - Undefined Weak Reference
    __arm_preinit_                            - Undefined Weak Reference
    __cpp_initialize__aeabi_                  - Undefined Weak Reference
    __cxa_finalize                            - Undefined Weak Reference
    __sigvec_lookup                           - Undefined Weak Reference
    _atexit_init                              - Undefined Weak Reference
    _call_atexit_fns                          - Undefined Weak Reference
    _clock_init                               - Undefined Weak Reference
    _fp_trap_init                             - Undefined Weak Reference
    _fp_trap_shutdown                         - Undefined Weak Reference
    _get_lc_collate                           - Undefined Weak Reference
    _get_lc_ctype                             - Undefined Weak Reference
    _get_lc_monetary                          - Undefined Weak Reference
    _get_lc_time                              - Undefined Weak Reference
    _getenv_init                              - Undefined Weak Reference
    _handle_redirection                       - Undefined Weak Reference
    _init_alloc                               - Undefined Weak Reference
    _init_user_alloc                          - Undefined Weak Reference
    _initio                                   - Undefined Weak Reference
    _mutex_acquire                            - Undefined Weak Reference
    _mutex_release                            - Undefined Weak Reference
    _printf_truncate_unsigned                 - Undefined Weak Reference
    _rand_init                                - Undefined Weak Reference
    _signal_finish                            - Undefined Weak Reference
    _signal_init                              - Undefined Weak Reference
    _terminate_alloc                          - Undefined Weak Reference
    _terminate_user_alloc                     - Undefined Weak Reference
    _terminateio                              - Undefined Weak Reference
    __Vectors_Size                           0x000000ec   Number         0  startup_stm32f10x_md.o ABSOLUTE
    __Vectors                                0x08000000   Data           4  startup_stm32f10x_md.o(RESET)
    __Vectors_End                            0x080000ec   Data           0  startup_stm32f10x_md.o(RESET)
    __main                                   0x080000ed   Thumb Code     8  __main.o(!!!main)
    __scatterload                            0x080000f5   Thumb Code     0  __scatter.o(!!!scatter)
    __scatterload_rt2                        0x080000f5   Thumb Code    44  __scatter.o(!!!scatter)
    __scatterload_rt2_thumb_only             0x080000f5   Thumb Code     0  __scatter.o(!!!scatter)
    __scatterload_null                       0x08000103   Thumb Code     0  __scatter.o(!!!scatter)
    __scatterload_copy                       0x08000129   Thumb Code    26  __scatter_copy.o(!!handler_copy)
    __scatterload_zeroinit                   0x08000145   Thumb Code    28  __scatter_zi.o(!!handler_zi)
    _printf_f                                0x08000161   Thumb Code     0  _printf_f.o(.ARM.Collect$$_printf_percent$$00000003)
    _printf_percent                          0x08000161   Thumb Code     0  _printf_percent.o(.ARM.Collect$$_printf_percent$$00000000)
    _printf_percent_end                      0x08000167   Thumb Code     0  _printf_percent_end.o(.ARM.Collect$$_printf_percent$$00000017)
    __rt_lib_init                            0x0800016b   Thumb Code     0  libinit.o(.ARM.Collect$$libinit$$00000000)
    __rt_lib_init_fp_1                       0x0800016d   Thumb Code     0  libinit2.o(.ARM.Collect$$libinit$$00000002)
    __rt_lib_init_heap_1                     0x0800016d   Thumb Code     0  libinit2.o(.ARM.Collect$$libinit$$0000000A)
    __rt_lib_init_lc_common                  0x0800016d   Thumb Code     0  libinit2.o(.ARM.Collect$$libinit$$0000000F)
    __rt_lib_init_preinit_1                  0x0800016d   Thumb Code     0  libinit2.o(.ARM.Collect$$libinit$$00000004)
    __rt_lib_init_rand_1                     0x0800016d   Thumb Code     0  libinit2.o(.ARM.Collect$$libinit$$0000000E)
    __rt_lib_init_user_alloc_1               0x0800016d   Thumb Code     0  libinit2.o(.ARM.Collect$$libinit$$0000000C)
    __rt_lib_init_lc_collate_1               0x08000173   Thumb Code     0  libinit2.o(.ARM.Collect$$libinit$$00000011)
    __rt_lib_init_lc_ctype_1                 0x08000173   Thumb Code     0  libinit2.o(.ARM.Collect$$libinit$$00000013)
    __rt_lib_init_lc_monetary_1              0x08000173   Thumb Code     0  libinit2.o(.ARM.Collect$$libinit$$00000015)
    __rt_lib_init_lc_numeric_2               0x08000173   Thumb Code     0  libinit2.o(.ARM.Collect$$libinit$$00000016)
    __rt_lib_init_alloca_1                   0x0800017d   Thumb Code     0  libinit2.o(.ARM.Collect$$libinit$$0000002E)
    __rt_lib_init_argv_1                     0x0800017d   Thumb Code     0  libinit2.o(.ARM.Collect$$libinit$$0000002C)
    __rt_lib_init_atexit_1                   0x0800017d   Thumb Code     0  libinit2.o(.ARM.Collect$$libinit$$0000001B)
    __rt_lib_init_clock_1                    0x0800017d   Thumb Code     0  libinit2.o(.ARM.Collect$$libinit$$00000021)
    __rt_lib_init_cpp_1                      0x0800017d   Thumb Code     0  libinit2.o(.ARM.Collect$$libinit$$00000032)
    __rt_lib_init_exceptions_1               0x0800017d   Thumb Code     0  libinit2.o(.ARM.Collect$$libinit$$00000030)
    __rt_lib_init_fp_trap_1                  0x0800017d   Thumb Code     0  libinit2.o(.ARM.Collect$$libinit$$0000001F)
    __rt_lib_init_getenv_1                   0x0800017d   Thumb Code     0  libinit2.o(.ARM.Collect$$libinit$$00000023)
    __rt_lib_init_lc_numeric_1               0x0800017d   Thumb Code     0  libinit2.o(.ARM.Collect$$libinit$$00000017)
    __rt_lib_init_lc_time_1                  0x0800017d   Thumb Code     0  libinit2.o(.ARM.Collect$$libinit$$00000019)
    __rt_lib_init_return                     0x0800017d   Thumb Code     0  libinit2.o(.ARM.Collect$$libinit$$00000033)
    __rt_lib_init_signal_1                   0x0800017d   Thumb Code     0  libinit2.o(.ARM.Collect$$libinit$$0000001D)
    __rt_lib_init_stdio_1                    0x0800017d   Thumb Code     0  libinit2.o(.ARM.Collect$$libinit$$00000025)
    __rt_lib_shutdown                        0x0800017f   Thumb Code     0  libshutdown.o(.ARM.Collect$$libshutdown$$00000000)
    __rt_lib_shutdown_cpp_1                  0x08000181   Thumb Code     0  libshutdown2.o(.ARM.Collect$$libshutdown$$00000002)
    __rt_lib_shutdown_fp_trap_1              0x08000181   Thumb Code     0  libshutdown2.o(.ARM.Collect$$libshutdown$$00000007)
    __rt_lib_shutdown_heap_1                 0x08000181   Thumb Code     0  libshutdown2.o(.ARM.Collect$$libshutdown$$0000000F)
    __rt_lib_shutdown_return                 0x08000181   Thumb Code     0  libshutdown2.o(.ARM.Collect$$libshutdown$$00000010)
    __rt_lib_shutdown_signal_1               0x08000181   Thumb Code     0  libshutdown2.o(.ARM.Collect$$libshutdown$$0000000A)
    __rt_lib_shutdown_stdio_1                0x08000181   Thumb Code     0  libshutdown2.o(.ARM.Collect$$libshutdown$$00000004)
    __rt_lib_shutdown_user_alloc_1           0x08000181   Thumb Code     0  libshutdown2.o(.ARM.Collect$$libshutdown$$0000000C)
    __rt_entry                               0x08000183   Thumb Code     0  __rtentry.o(.ARM.Collect$$rtentry$$00000000)
    __rt_entry_presh_1                       0x08000183   Thumb Code     0  __rtentry2.o(.ARM.Collect$$rtentry$$00000002)
    __rt_entry_sh                            0x08000183   Thumb Code     0  __rtentry4.o(.ARM.Collect$$rtentry$$00000004)
    __rt_entry_li                            0x08000189   Thumb Code     0  __rtentry2.o(.ARM.Collect$$rtentry$$0000000A)
    __rt_entry_postsh_1                      0x08000189   Thumb Code     0  __rtentry2.o(.ARM.Collect$$rtentry$$00000009)
    __rt_entry_main                          0x0800018d   Thumb Code     0  __rtentry2.o(.ARM.Collect$$rtentry$$0000000D)
    __rt_entry_postli_1                      0x0800018d   Thumb Code     0  __rtentry2.o(.ARM.Collect$$rtentry$$0000000C)
    __rt_exit                                0x08000195   Thumb Code     0  rtexit.o(.ARM.Collect$$rtexit$$00000000)
    __rt_exit_ls                             0x08000197   Thumb Code     0  rtexit2.o(.ARM.Collect$$rtexit$$00000003)
    __rt_exit_prels_1                        0x08000197   Thumb Code     0  rtexit2.o(.ARM.Collect$$rtexit$$00000002)
    __rt_exit_exit                           0x0800019b   Thumb Code     0  rtexit2.o(.ARM.Collect$$rtexit$$00000004)
    Reset_Handler                            0x080001a1   Thumb Code     8  startup_stm32f10x_md.o(.text)
    NMI_Handler                              0x080001a9   Thumb Code     2  startup_stm32f10x_md.o(.text)
    HardFault_Handler                        0x080001ab   Thumb Code     2  startup_stm32f10x_md.o(.text)
    MemManage_Handler                        0x080001ad   Thumb Code     2  startup_stm32f10x_md.o(.text)
    BusFault_Handler                         0x080001af   Thumb Code     2  startup_stm32f10x_md.o(.text)
    UsageFault_Handler                       0x080001b1   Thumb Code     2  startup_stm32f10x_md.o(.text)
    SVC_Handler                              0x080001b3   Thumb Code     2  startup_stm32f10x_md.o(.text)
    DebugMon_Handler                         0x080001b5   Thumb Code     2  startup_stm32f10x_md.o(.text)
    PendSV_Handler                           0x080001b7   Thumb Code     2  startup_stm32f10x_md.o(.text)
    ADC1_2_IRQHandler                        0x080001bb   Thumb Code     0  startup_stm32f10x_md.o(.text)
    CAN1_RX1_IRQHandler                      0x080001bb   Thumb Code     0  startup_stm32f10x_md.o(.text)
    CAN1_SCE_IRQHandler                      0x080001bb   Thumb Code     0  startup_stm32f10x_md.o(.text)
    DMA1_Channel1_IRQHandler                 0x080001bb   Thumb Code     0  startup_stm32f10x_md.o(.text)
    DMA1_Channel2_IRQHandler                 0x080001bb   Thumb Code     0  startup_stm32f10x_md.o(.text)
    DMA1_Channel3_IRQHandler                 0x080001bb   Thumb Code     0  startup_stm32f10x_md.o(.text)
    DMA1_Channel4_IRQHandler                 0x080001bb   Thumb Code     0  startup_stm32f10x_md.o(.text)
    DMA1_Channel5_IRQHandler                 0x080001bb   Thumb Code     0  startup_stm32f10x_md.o(.text)
    DMA1_Channel6_IRQHandler                 0x080001bb   Thumb Code     0  startup_stm32f10x_md.o(.text)
    DMA1_Channel7_IRQHandler                 0x080001bb   Thumb Code     0  startup_stm32f10x_md.o(.text)
    EXTI0_IRQHandler                         0x080001bb   Thumb Code     0  startup_stm32f10x_md.o(.text)
    EXTI15_10_IRQHandler                     0x080001bb   Thumb Code     0  startup_stm32f10x_md.o(.text)
    EXTI1_IRQHandler                         0x080001bb   Thumb Code     0  startup_stm32f10x_md.o(.text)
    EXTI2_IRQHandler                         0x080001bb   Thumb Code     0  startup_stm32f10x_md.o(.text)
    EXTI3_IRQHandler                         0x080001bb   Thumb Code     0  startup_stm32f10x_md.o(.text)
    EXTI4_IRQHandler                         0x080001bb   Thumb Code     0  startup_stm32f10x_md.o(.text)
    EXTI9_5_IRQHandler                       0x080001bb   Thumb Code     0  startup_stm32f10x_md.o(.text)
    FLASH_IRQHandler                         0x080001bb   Thumb Code     0  startup_stm32f10x_md.o(.text)
    I2C1_ER_IRQHandler                       0x080001bb   Thumb Code     0  startup_stm32f10x_md.o(.text)
    I2C1_EV_IRQHandler                       0x080001bb   Thumb Code     0  startup_stm32f10x_md.o(.text)
    I2C2_ER_IRQHandler                       0x080001bb   Thumb Code     0  startup_stm32f10x_md.o(.text)
    I2C2_EV_IRQHandler                       0x080001bb   Thumb Code     0  startup_stm32f10x_md.o(.text)
    PVD_IRQHandler                           0x080001bb   Thumb Code     0  startup_stm32f10x_md.o(.text)
    RCC_IRQHandler                           0x080001bb   Thumb Code     0  startup_stm32f10x_md.o(.text)
    RTCAlarm_IRQHandler                      0x080001bb   Thumb Code     0  startup_stm32f10x_md.o(.text)
    RTC_IRQHandler                           0x080001bb   Thumb Code     0  startup_stm32f10x_md.o(.text)
    SPI1_IRQHandler                          0x080001bb   Thumb Code     0  startup_stm32f10x_md.o(.text)
    SPI2_IRQHandler                          0x080001bb   Thumb Code     0  startup_stm32f10x_md.o(.text)
    TAMPER_IRQHandler                        0x080001bb   Thumb Code     0  startup_stm32f10x_md.o(.text)
    TIM1_BRK_IRQHandler                      0x080001bb   Thumb Code     0  startup_stm32f10x_md.o(.text)
    TIM1_CC_IRQHandler                       0x080001bb   Thumb Code     0  startup_stm32f10x_md.o(.text)
    TIM1_TRG_COM_IRQHandler                  0x080001bb   Thumb Code     0  startup_stm32f10x_md.o(.text)
    TIM1_UP_IRQHandler                       0x080001bb   Thumb Code     0  startup_stm32f10x_md.o(.text)
    TIM2_IRQHandler                          0x080001bb   Thumb Code     0  startup_stm32f10x_md.o(.text)
    TIM3_IRQHandler                          0x080001bb   Thumb Code     0  startup_stm32f10x_md.o(.text)
    TIM4_IRQHandler                          0x080001bb   Thumb Code     0  startup_stm32f10x_md.o(.text)
    USBWakeUp_IRQHandler                     0x080001bb   Thumb Code     0  startup_stm32f10x_md.o(.text)
    USB_HP_CAN1_TX_IRQHandler                0x080001bb   Thumb Code     0  startup_stm32f10x_md.o(.text)
    USB_LP_CAN1_RX0_IRQHandler               0x080001bb   Thumb Code     0  startup_stm32f10x_md.o(.text)
    WWDG_IRQHandler                          0x080001bb   Thumb Code     0  startup_stm32f10x_md.o(.text)
    __user_initial_stackheap                 0x080001bd   Thumb Code     0  startup_stm32f10x_md.o(.text)
    __use_no_semihosting                     0x080001e1   Thumb Code     2  use_no_semi_2.o(.text)
    __2printf                                0x080001e5   Thumb Code    20  noretval__2printf.o(.text)
    __printf                                 0x080001fd   Thumb Code   308  __printf_flags_wp.o(.text)
    __use_two_region_memory                  0x08000335   Thumb Code     2  heapauxi.o(.text)
    __rt_heap_escrow$2region                 0x08000337   Thumb Code     2  heapauxi.o(.text)
    __rt_heap_expand$2region                 0x08000339   Thumb Code     2  heapauxi.o(.text)
    __I$use$semihosting                      0x0800033b   Thumb Code     0  use_no_semi.o(.text)
    __use_no_semihosting_swi                 0x0800033b   Thumb Code     2  use_no_semi.o(.text)
    __read_errno                             0x0800033d   Thumb Code    10  _rserrno.o(.text)
    __set_errno                              0x08000347   Thumb Code    12  _rserrno.o(.text)
    __lib_sel_fp_printf                      0x08000353   Thumb Code     2  _printf_fp_dec.o(.text)
    _printf_fp_dec_real                      0x08000505   Thumb Code   620  _printf_fp_dec.o(.text)
    _printf_char_file                        0x08000771   Thumb Code    32  _printf_char_file.o(.text)
    __rt_locale                              0x08000795   Thumb Code     8  rt_locale_intlibspace.o(.text)
    __aeabi_errno_addr                       0x0800079d   Thumb Code     8  rt_errno_addr_intlibspace.o(.text)
    __errno$intlibspace                      0x0800079d   Thumb Code     0  rt_errno_addr_intlibspace.o(.text)
    __rt_errno_addr$intlibspace              0x0800079d   Thumb Code     0  rt_errno_addr_intlibspace.o(.text)
    _ll_udiv10                               0x080007a5   Thumb Code   138  lludiv10.o(.text)
    _printf_char_common                      0x0800083b   Thumb Code    32  _printf_char_common.o(.text)
    _printf_fp_infnan                        0x08000861   Thumb Code   112  _printf_fp_infnan.o(.text)
    _btod_etento                             0x080008e1   Thumb Code   224  bigflt0.o(.text)
    ferror                                   0x080009c5   Thumb Code     8  ferror.o(.text)
    __user_libspace                          0x080009cd   Thumb Code     8  libspace.o(.text)
    __user_perproc_libspace                  0x080009cd   Thumb Code     0  libspace.o(.text)
    __user_perthread_libspace                0x080009cd   Thumb Code     0  libspace.o(.text)
    __user_setup_stackheap                   0x080009d5   Thumb Code    74  sys_stackheap_outer.o(.text)
    exit                                     0x08000a1f   Thumb Code    18  exit.o(.text)
    strcmp                                   0x08000a31   Thumb Code   128  strcmpv7m.o(.text)
    _btod_d2e                                0x08000ab1   Thumb Code    62  btod.o(CL$$btod_d2e)
    _d2e_denorm_low                          0x08000aef   Thumb Code    70  btod.o(CL$$btod_d2e_denorm_low)
    _d2e_norm_op1                            0x08000b35   Thumb Code    96  btod.o(CL$$btod_d2e_norm_op1)
    __btod_div_common                        0x08000b95   Thumb Code   696  btod.o(CL$$btod_div_common)
    _e2e                                     0x08000ecd   Thumb Code   220  btod.o(CL$$btod_e2e)
    _btod_ediv                               0x08000fa9   Thumb Code    42  btod.o(CL$$btod_ediv)
    _btod_emul                               0x08000fd3   Thumb Code    42  btod.o(CL$$btod_emul)
    __btod_mult_common                       0x08000ffd   Thumb Code   580  btod.o(CL$$btod_mult_common)
    GPIO_Init                                0x080012a1   Thumb Code   278  stm32f10x_gpio.o(i.GPIO_Init)
    I2C_AcknowledgeConfig                    0x080013c5   Thumb Code    24  stm32f10x_i2c.o(i.I2C_AcknowledgeConfig)
    I2C_CheckEvent                           0x080013dd   Thumb Code    42  stm32f10x_i2c.o(i.I2C_CheckEvent)
    I2C_Cmd                                  0x08001407   Thumb Code    24  stm32f10x_i2c.o(i.I2C_Cmd)
    I2C_Custom_Init                          0x08001421   Thumb Code    76  i2c.o(i.I2C_Custom_Init)
    I2C_GenerateSTART                        0x08001471   Thumb Code    24  stm32f10x_i2c.o(i.I2C_GenerateSTART)
    I2C_GenerateSTOP                         0x08001489   Thumb Code    24  stm32f10x_i2c.o(i.I2C_GenerateSTOP)
    I2C_GetFlagStatus                        0x080014a1   Thumb Code    58  stm32f10x_i2c.o(i.I2C_GetFlagStatus)
    I2C_Init                                 0x080014dd   Thumb Code   222  stm32f10x_i2c.o(i.I2C_Init)
    I2C_Pins_Init                            0x080015c9   Thumb Code    42  i2c.o(i.I2C_Pins_Init)
    I2C_Read_Byte                            0x080015f9   Thumb Code   120  i2c.o(i.I2C_Read_Byte)
    I2C_Read_Bytes                           0x08001679   Thumb Code   144  i2c.o(i.I2C_Read_Bytes)
    I2C_ReceiveData                          0x08001711   Thumb Code     8  stm32f10x_i2c.o(i.I2C_ReceiveData)
    I2C_Send7bitAddress                      0x08001741   Thumb Code    18  stm32f10x_i2c.o(i.I2C_Send7bitAddress)
    I2C_SendData                             0x08001753   Thumb Code     4  stm32f10x_i2c.o(i.I2C_SendData)
    I2C_Write_Byte                           0x08001829   Thumb Code    80  i2c.o(i.I2C_Write_Byte)
    MPU6050_Calibrate                        0x0800187d   Thumb Code   170  mpu6050.o(i.MPU6050_Calibrate)
    MPU6050_Get_Pitch                        0x08001945   Thumb Code    80  mpu6050.o(i.MPU6050_Get_Pitch)
    MPU6050_Get_Roll                         0x0800199d   Thumb Code    80  mpu6050.o(i.MPU6050_Get_Roll)
    MPU6050_Init                             0x080019f5   Thumb Code   116  mpu6050.o(i.MPU6050_Init)
    MPU6050_Read_Accel                       0x08001ab5   Thumb Code    76  mpu6050.o(i.MPU6050_Read_Accel)
    MPU6050_Read_Accel_Calibrated            0x08001b01   Thumb Code   104  mpu6050.o(i.MPU6050_Read_Accel_Calibrated)
    MPU6050_Read_Gyro                        0x08001b75   Thumb Code    76  mpu6050.o(i.MPU6050_Read_Gyro)
    MPU6050_Read_Gyro_Calibrated             0x08001bc1   Thumb Code    98  mpu6050.o(i.MPU6050_Read_Gyro_Calibrated)
    NVIC_Init                                0x08001c35   Thumb Code   100  misc.o(i.NVIC_Init)
    NVIC_PriorityGroupConfig                 0x08001ca5   Thumb Code    10  misc.o(i.NVIC_PriorityGroupConfig)
    RCC_APB1PeriphClockCmd                   0x08001cb9   Thumb Code    26  stm32f10x_rcc.o(i.RCC_APB1PeriphClockCmd)
    RCC_APB2PeriphClockCmd                   0x08001cd9   Thumb Code    26  stm32f10x_rcc.o(i.RCC_APB2PeriphClockCmd)
    RCC_GetClocksFreq                        0x08001cf9   Thumb Code   192  stm32f10x_rcc.o(i.RCC_GetClocksFreq)
    SysTick_Handler                          0x08001eb5   Thumb Code    12  systick.o(i.SysTick_Handler)
    SystemCoreClockUpdate                    0x08001f31   Thumb Code   142  system_stm32f10x.o(i.SystemCoreClockUpdate)
    SystemInit                               0x08001fd5   Thumb Code    78  system_stm32f10x.o(i.SystemInit)
    USART1_IRQHandler                        0x08002225   Thumb Code    34  uart.o(i.USART1_IRQHandler)
    USART2_IRQHandler                        0x0800226d   Thumb Code    34  uart.o(i.USART2_IRQHandler)
    USART3_IRQHandler                        0x08002295   Thumb Code    34  uart.o(i.USART3_IRQHandler)
    USART_ClearITPendingBit                  0x080022bd   Thumb Code    30  stm32f10x_usart.o(i.USART_ClearITPendingBit)
    USART_Cmd                                0x080022db   Thumb Code    24  stm32f10x_usart.o(i.USART_Cmd)
    USART_GetFlagStatus                      0x080022f3   Thumb Code    26  stm32f10x_usart.o(i.USART_GetFlagStatus)
    USART_GetITStatus                        0x0800230d   Thumb Code    84  stm32f10x_usart.o(i.USART_GetITStatus)
    USART_ITConfig                           0x08002361   Thumb Code    74  stm32f10x_usart.o(i.USART_ITConfig)
    USART_Init                               0x080023ad   Thumb Code   210  stm32f10x_usart.o(i.USART_Init)
    USART_ReceiveData                        0x08002485   Thumb Code    10  stm32f10x_usart.o(i.USART_ReceiveData)
    USART_SendData                           0x0800248f   Thumb Code     8  stm32f10x_usart.o(i.USART_SendData)
    __ARM_fpclassify                         0x08002497   Thumb Code    40  fpclassify.o(i.__ARM_fpclassify)
    __ARM_fpclassifyf                        0x080024bf   Thumb Code    38  fpclassifyf.o(i.__ARM_fpclassifyf)
    __mathlib_flt_infnan2                    0x080024e5   Thumb Code     4  funder.o(i.__mathlib_flt_infnan2)
    __mathlib_flt_underflow                  0x080024e9   Thumb Code    10  funder.o(i.__mathlib_flt_underflow)
    _is_digit                                0x080024f3   Thumb Code    14  __printf_wp.o(i._is_digit)
    _sys_exit                                0x08002501   Thumb Code     4  printf_redirect.o(i._sys_exit)
    atan2f                                   0x08002505   Thumb Code   528  atan2f.o(i.atan2f)
    fputc                                    0x08002761   Thumb Code    16  printf_redirect.o(i.fputc)
    main                                     0x08002771   Thumb Code   254  main.o(i.main)
    sqrtf                                    0x0800293d   Thumb Code    44  sqrtf.o(i.sqrtf)
    _get_lc_numeric                          0x08002969   Thumb Code    44  lc_numeric_c.o(locale$$code)
    __fpl_dretinf                            0x08002995   Thumb Code    12  dretinf.o(x$fpl$dretinf)
    __aeabi_f2d                              0x080029a1   Thumb Code     0  f2d.o(x$fpl$f2d)
    _f2d                                     0x080029a1   Thumb Code    86  f2d.o(x$fpl$f2d)
    __aeabi_fadd                             0x080029f9   Thumb Code     0  faddsub_clz.o(x$fpl$fadd)
    _fadd                                    0x080029f9   Thumb Code   196  faddsub_clz.o(x$fpl$fadd)
    __fpl_fcheck_NaN1                        0x08002abd   Thumb Code     6  fcheck1.o(x$fpl$fcheck1)
    __aeabi_fdiv                             0x08002ac9   Thumb Code     0  fdiv.o(x$fpl$fdiv)
    _fdiv                                    0x08002ac9   Thumb Code   384  fdiv.o(x$fpl$fdiv)
    __aeabi_i2f                              0x08002c4d   Thumb Code     0  fflt_clz.o(x$fpl$fflt)
    _fflt                                    0x08002c4d   Thumb Code    48  fflt_clz.o(x$fpl$fflt)
    __aeabi_fmul                             0x08002c7d   Thumb Code     0  fmul.o(x$fpl$fmul)
    _fmul                                    0x08002c7d   Thumb Code   258  fmul.o(x$fpl$fmul)
    __fpl_fnaninf                            0x08002d7f   Thumb Code   140  fnaninf.o(x$fpl$fnaninf)
    __fpl_fretinf                            0x08002e0b   Thumb Code    10  fretinf.o(x$fpl$fretinf)
    __aeabi_frsub                            0x08002e15   Thumb Code     0  faddsub_clz.o(x$fpl$frsb)
    _frsb                                    0x08002e15   Thumb Code    20  faddsub_clz.o(x$fpl$frsb)
    _fsqrt                                   0x08002e29   Thumb Code   272  fsqrt.o(x$fpl$fsqrt)
    __aeabi_fsub                             0x08002f39   Thumb Code     0  faddsub_clz.o(x$fpl$fsub)
    _fsub                                    0x08002f39   Thumb Code   234  faddsub_clz.o(x$fpl$fsub)
    _printf_fp_dec                           0x08003023   Thumb Code     4  printf1.o(x$fpl$printf1)
    __fpl_return_NaN                         0x08003027   Thumb Code   100  retnan.o(x$fpl$retnan)
    __ARM_scalbnf                            0x0800308b   Thumb Code    76  scalbnf.o(x$fpl$scalbnf)
    __fpl_cmpreturn                          0x080030d7   Thumb Code    48  trapv.o(x$fpl$trapveneer)
    __I$use$fp                               0x08003106   Number         0  usenofp.o(x$fpl$usenofp)
    SysTick_Driver                           0x08003108   Data          12  systick.o(.constdata)
    UARTx_Config                             0x08003114   Data          48  uart.o(.constdata)
    UART_Driver                              0x08003144   Data          40  uart.o(.constdata)
    Region$$Table$$Base                      0x08003214   Number         0  anon$$obj.o(Region$$Table)
    Region$$Table$$Limit                     0x08003234   Number         0  anon$$obj.o(Region$$Table)
    Ax_raw                                   0x20000000   Data           2  main.o(.data)
    Ay_raw                                   0x20000002   Data           2  main.o(.data)
    Az_raw                                   0x20000004   Data           2  main.o(.data)
    Gx_raw                                   0x20000006   Data           2  main.o(.data)
    Gy_raw                                   0x20000008   Data           2  main.o(.data)
    Gz_raw                                   0x2000000a   Data           2  main.o(.data)
    Ax                                       0x2000000c   Data           4  main.o(.data)
    Ay                                       0x20000010   Data           4  main.o(.data)
    Az                                       0x20000014   Data           4  main.o(.data)
    Gx                                       0x20000018   Data           4  main.o(.data)
    Gy                                       0x2000001c   Data           4  main.o(.data)
    Gz                                       0x20000020   Data           4  main.o(.data)
    pitch                                    0x20000024   Data           4  main.o(.data)
    roll                                     0x20000028   Data           4  main.o(.data)
    __stdout                                 0x2000002c   Data           4  printf_redirect.o(.data)
    whoami                                   0x20000046   Data           1  mpu6050.o(.data)
    SystemCoreClock                          0x2000005c   Data           4  system_stm32f10x.o(.data)
    AHBPrescTable                            0x20000060   Data          16  system_stm32f10x.o(.data)
    __libspace_start                         0x20000070   Data          96  libspace.o(.bss)
    __temporary_stack_top$libspace           0x200000d0   Data           0  libspace.o(.bss)



==============================================================================

Memory Map of the image

  Image Entry point : 0x080000ed

  Load Region LR_IROM1 (Base: 0x08000000, Size: 0x000032c0, Max: 0x00010000, ABSOLUTE)

    Execution Region ER_IROM1 (Exec base: 0x08000000, Load base: 0x08000000, Size: 0x00003250, Max: 0x00010000, ABSOLUTE)

    Exec Addr    Load Addr    Size         Type   Attr      Idx    E Section Name        Object

    0x08000000   0x08000000   0x000000ec   Data   RO         1263    RESET               startup_stm32f10x_md.o
    0x080000ec   0x080000ec   0x00000008   Code   RO         1372  * !!!main             c_w.l(__main.o)
    0x080000f4   0x080000f4   0x00000034   Code   RO         1663    !!!scatter          c_w.l(__scatter.o)
    0x08000128   0x08000128   0x0000001a   Code   RO         1665    !!handler_copy      c_w.l(__scatter_copy.o)
    0x08000142   0x08000142   0x00000002   PAD
    0x08000144   0x08000144   0x0000001c   Code   RO         1667    !!handler_zi        c_w.l(__scatter_zi.o)
    0x08000160   0x08000160   0x00000000   Code   RO         1369    .ARM.Collect$$_printf_percent$$00000000  c_w.l(_printf_percent.o)
    0x08000160   0x08000160   0x00000006   Code   RO         1368    .ARM.Collect$$_printf_percent$$00000003  c_w.l(_printf_f.o)
    0x08000166   0x08000166   0x00000004   Code   RO         1423    .ARM.Collect$$_printf_percent$$00000017  c_w.l(_printf_percent_end.o)
    0x0800016a   0x0800016a   0x00000002   Code   RO         1534    .ARM.Collect$$libinit$$00000000  c_w.l(libinit.o)
    0x0800016c   0x0800016c   0x00000000   Code   RO         1536    .ARM.Collect$$libinit$$00000002  c_w.l(libinit2.o)
    0x0800016c   0x0800016c   0x00000000   Code   RO         1538    .ARM.Collect$$libinit$$00000004  c_w.l(libinit2.o)
    0x0800016c   0x0800016c   0x00000000   Code   RO         1541    .ARM.Collect$$libinit$$0000000A  c_w.l(libinit2.o)
    0x0800016c   0x0800016c   0x00000000   Code   RO         1543    .ARM.Collect$$libinit$$0000000C  c_w.l(libinit2.o)
    0x0800016c   0x0800016c   0x00000000   Code   RO         1545    .ARM.Collect$$libinit$$0000000E  c_w.l(libinit2.o)
    0x0800016c   0x0800016c   0x00000006   Code   RO         1546    .ARM.Collect$$libinit$$0000000F  c_w.l(libinit2.o)
    0x08000172   0x08000172   0x00000000   Code   RO         1548    .ARM.Collect$$libinit$$00000011  c_w.l(libinit2.o)
    0x08000172   0x08000172   0x00000000   Code   RO         1550    .ARM.Collect$$libinit$$00000013  c_w.l(libinit2.o)
    0x08000172   0x08000172   0x00000000   Code   RO         1552    .ARM.Collect$$libinit$$00000015  c_w.l(libinit2.o)
    0x08000172   0x08000172   0x0000000a   Code   RO         1553    .ARM.Collect$$libinit$$00000016  c_w.l(libinit2.o)
    0x0800017c   0x0800017c   0x00000000   Code   RO         1554    .ARM.Collect$$libinit$$00000017  c_w.l(libinit2.o)
    0x0800017c   0x0800017c   0x00000000   Code   RO         1556    .ARM.Collect$$libinit$$00000019  c_w.l(libinit2.o)
    0x0800017c   0x0800017c   0x00000000   Code   RO         1558    .ARM.Collect$$libinit$$0000001B  c_w.l(libinit2.o)
    0x0800017c   0x0800017c   0x00000000   Code   RO         1560    .ARM.Collect$$libinit$$0000001D  c_w.l(libinit2.o)
    0x0800017c   0x0800017c   0x00000000   Code   RO         1562    .ARM.Collect$$libinit$$0000001F  c_w.l(libinit2.o)
    0x0800017c   0x0800017c   0x00000000   Code   RO         1564    .ARM.Collect$$libinit$$00000021  c_w.l(libinit2.o)
    0x0800017c   0x0800017c   0x00000000   Code   RO         1566    .ARM.Collect$$libinit$$00000023  c_w.l(libinit2.o)
    0x0800017c   0x0800017c   0x00000000   Code   RO         1568    .ARM.Collect$$libinit$$00000025  c_w.l(libinit2.o)
    0x0800017c   0x0800017c   0x00000000   Code   RO         1572    .ARM.Collect$$libinit$$0000002C  c_w.l(libinit2.o)
    0x0800017c   0x0800017c   0x00000000   Code   RO         1574    .ARM.Collect$$libinit$$0000002E  c_w.l(libinit2.o)
    0x0800017c   0x0800017c   0x00000000   Code   RO         1576    .ARM.Collect$$libinit$$00000030  c_w.l(libinit2.o)
    0x0800017c   0x0800017c   0x00000000   Code   RO         1578    .ARM.Collect$$libinit$$00000032  c_w.l(libinit2.o)
    0x0800017c   0x0800017c   0x00000002   Code   RO         1579    .ARM.Collect$$libinit$$00000033  c_w.l(libinit2.o)
    0x0800017e   0x0800017e   0x00000002   Code   RO         1613    .ARM.Collect$$libshutdown$$00000000  c_w.l(libshutdown.o)
    0x08000180   0x08000180   0x00000000   Code   RO         1622    .ARM.Collect$$libshutdown$$00000002  c_w.l(libshutdown2.o)
    0x08000180   0x08000180   0x00000000   Code   RO         1624    .ARM.Collect$$libshutdown$$00000004  c_w.l(libshutdown2.o)
    0x08000180   0x08000180   0x00000000   Code   RO         1627    .ARM.Collect$$libshutdown$$00000007  c_w.l(libshutdown2.o)
    0x08000180   0x08000180   0x00000000   Code   RO         1630    .ARM.Collect$$libshutdown$$0000000A  c_w.l(libshutdown2.o)
    0x08000180   0x08000180   0x00000000   Code   RO         1632    .ARM.Collect$$libshutdown$$0000000C  c_w.l(libshutdown2.o)
    0x08000180   0x08000180   0x00000000   Code   RO         1635    .ARM.Collect$$libshutdown$$0000000F  c_w.l(libshutdown2.o)
    0x08000180   0x08000180   0x00000002   Code   RO         1636    .ARM.Collect$$libshutdown$$00000010  c_w.l(libshutdown2.o)
    0x08000182   0x08000182   0x00000000   Code   RO         1414    .ARM.Collect$$rtentry$$00000000  c_w.l(__rtentry.o)
    0x08000182   0x08000182   0x00000000   Code   RO         1450    .ARM.Collect$$rtentry$$00000002  c_w.l(__rtentry2.o)
    0x08000182   0x08000182   0x00000006   Code   RO         1462    .ARM.Collect$$rtentry$$00000004  c_w.l(__rtentry4.o)
    0x08000188   0x08000188   0x00000000   Code   RO         1452    .ARM.Collect$$rtentry$$00000009  c_w.l(__rtentry2.o)
    0x08000188   0x08000188   0x00000004   Code   RO         1453    .ARM.Collect$$rtentry$$0000000A  c_w.l(__rtentry2.o)
    0x0800018c   0x0800018c   0x00000000   Code   RO         1455    .ARM.Collect$$rtentry$$0000000C  c_w.l(__rtentry2.o)
    0x0800018c   0x0800018c   0x00000008   Code   RO         1456    .ARM.Collect$$rtentry$$0000000D  c_w.l(__rtentry2.o)
    0x08000194   0x08000194   0x00000002   Code   RO         1582    .ARM.Collect$$rtexit$$00000000  c_w.l(rtexit.o)
    0x08000196   0x08000196   0x00000000   Code   RO         1591    .ARM.Collect$$rtexit$$00000002  c_w.l(rtexit2.o)
    0x08000196   0x08000196   0x00000004   Code   RO         1592    .ARM.Collect$$rtexit$$00000003  c_w.l(rtexit2.o)
    0x0800019a   0x0800019a   0x00000006   Code   RO         1593    .ARM.Collect$$rtexit$$00000004  c_w.l(rtexit2.o)
    0x080001a0   0x080001a0   0x00000040   Code   RO         1264    .text               startup_stm32f10x_md.o
    0x080001e0   0x080001e0   0x00000002   Code   RO         1316    .text               c_w.l(use_no_semi_2.o)
    0x080001e2   0x080001e2   0x00000002   PAD
    0x080001e4   0x080001e4   0x00000018   Code   RO         1320    .text               c_w.l(noretval__2printf.o)
    0x080001fc   0x080001fc   0x00000138   Code   RO         1359    .text               c_w.l(__printf_flags_wp.o)
    0x08000334   0x08000334   0x00000006   Code   RO         1370    .text               c_w.l(heapauxi.o)
    0x0800033a   0x0800033a   0x00000002   Code   RO         1412    .text               c_w.l(use_no_semi.o)
    0x0800033c   0x0800033c   0x00000016   Code   RO         1415    .text               c_w.l(_rserrno.o)
    0x08000352   0x08000352   0x0000041e   Code   RO         1419    .text               c_w.l(_printf_fp_dec.o)
    0x08000770   0x08000770   0x00000024   Code   RO         1421    .text               c_w.l(_printf_char_file.o)
    0x08000794   0x08000794   0x00000008   Code   RO         1467    .text               c_w.l(rt_locale_intlibspace.o)
    0x0800079c   0x0800079c   0x00000008   Code   RO         1472    .text               c_w.l(rt_errno_addr_intlibspace.o)
    0x080007a4   0x080007a4   0x0000008a   Code   RO         1474    .text               c_w.l(lludiv10.o)
    0x0800082e   0x0800082e   0x00000002   PAD
    0x08000830   0x08000830   0x00000030   Code   RO         1476    .text               c_w.l(_printf_char_common.o)
    0x08000860   0x08000860   0x00000080   Code   RO         1478    .text               c_w.l(_printf_fp_infnan.o)
    0x080008e0   0x080008e0   0x000000e4   Code   RO         1480    .text               c_w.l(bigflt0.o)
    0x080009c4   0x080009c4   0x00000008   Code   RO         1505    .text               c_w.l(ferror.o)
    0x080009cc   0x080009cc   0x00000008   Code   RO         1518    .text               c_w.l(libspace.o)
    0x080009d4   0x080009d4   0x0000004a   Code   RO         1521    .text               c_w.l(sys_stackheap_outer.o)
    0x08000a1e   0x08000a1e   0x00000012   Code   RO         1525    .text               c_w.l(exit.o)
    0x08000a30   0x08000a30   0x00000080   Code   RO         1527    .text               c_w.l(strcmpv7m.o)
    0x08000ab0   0x08000ab0   0x0000003e   Code   RO         1483    CL$$btod_d2e        c_w.l(btod.o)
    0x08000aee   0x08000aee   0x00000046   Code   RO         1485    CL$$btod_d2e_denorm_low  c_w.l(btod.o)
    0x08000b34   0x08000b34   0x00000060   Code   RO         1484    CL$$btod_d2e_norm_op1  c_w.l(btod.o)
    0x08000b94   0x08000b94   0x00000338   Code   RO         1493    CL$$btod_div_common  c_w.l(btod.o)
    0x08000ecc   0x08000ecc   0x000000dc   Code   RO         1490    CL$$btod_e2e        c_w.l(btod.o)
    0x08000fa8   0x08000fa8   0x0000002a   Code   RO         1487    CL$$btod_ediv       c_w.l(btod.o)
    0x08000fd2   0x08000fd2   0x0000002a   Code   RO         1486    CL$$btod_emul       c_w.l(btod.o)
    0x08000ffc   0x08000ffc   0x00000244   Code   RO         1492    CL$$btod_mult_common  c_w.l(btod.o)
    0x08001240   0x08001240   0x00000018   Code   RO          244    i.Delay_Ms          systick.o
    0x08001258   0x08001258   0x00000048   Code   RO          294    i.GPIO_Enable_Clock  uart.o
    0x080012a0   0x080012a0   0x00000116   Code   RO          524    i.GPIO_Init         stm32f10x_gpio.o
    0x080013b6   0x080013b6   0x00000002   PAD
    0x080013b8   0x080013b8   0x0000000c   Code   RO          245    i.Get_Tick          systick.o
    0x080013c4   0x080013c4   0x00000018   Code   RO          645    i.I2C_AcknowledgeConfig  stm32f10x_i2c.o
    0x080013dc   0x080013dc   0x0000002a   Code   RO          647    i.I2C_CheckEvent    stm32f10x_i2c.o
    0x08001406   0x08001406   0x00000018   Code   RO          650    i.I2C_Cmd           stm32f10x_i2c.o
    0x0800141e   0x0800141e   0x00000002   PAD
    0x08001420   0x08001420   0x00000050   Code   RO            4    i.I2C_Custom_Init   i2c.o
    0x08001470   0x08001470   0x00000018   Code   RO          657    i.I2C_GenerateSTART  stm32f10x_i2c.o
    0x08001488   0x08001488   0x00000018   Code   RO          658    i.I2C_GenerateSTOP  stm32f10x_i2c.o
    0x080014a0   0x080014a0   0x0000003a   Code   RO          659    i.I2C_GetFlagStatus  stm32f10x_i2c.o
    0x080014da   0x080014da   0x00000002   PAD
    0x080014dc   0x080014dc   0x000000ec   Code   RO          664    i.I2C_Init          stm32f10x_i2c.o
    0x080015c8   0x080015c8   0x00000030   Code   RO            5    i.I2C_Pins_Init     i2c.o
    0x080015f8   0x080015f8   0x00000080   Code   RO            6    i.I2C_Read_Byte     i2c.o
    0x08001678   0x08001678   0x00000098   Code   RO            7    i.I2C_Read_Bytes    i2c.o
    0x08001710   0x08001710   0x00000008   Code   RO          669    i.I2C_ReceiveData   stm32f10x_i2c.o
    0x08001718   0x08001718   0x00000028   Code   RO            8    i.I2C_Receive_Data_Wait  i2c.o
    0x08001740   0x08001740   0x00000012   Code   RO          671    i.I2C_Send7bitAddress  stm32f10x_i2c.o
    0x08001752   0x08001752   0x00000004   Code   RO          672    i.I2C_SendData      stm32f10x_i2c.o
    0x08001756   0x08001756   0x00000002   PAD
    0x08001758   0x08001758   0x00000030   Code   RO           10    i.I2C_Send_Address  i2c.o
    0x08001788   0x08001788   0x0000001c   Code   RO           11    i.I2C_Send_Data_Wait  i2c.o
    0x080017a4   0x080017a4   0x0000001c   Code   RO           12    i.I2C_Start         i2c.o
    0x080017c0   0x080017c0   0x00000010   Code   RO           13    i.I2C_Stop          i2c.o
    0x080017d0   0x080017d0   0x00000028   Code   RO           14    i.I2C_Wait_Event    i2c.o
    0x080017f8   0x080017f8   0x00000030   Code   RO           15    i.I2C_Wait_Flag     i2c.o
    0x08001828   0x08001828   0x00000054   Code   RO           16    i.I2C_Write_Byte    i2c.o
    0x0800187c   0x0800187c   0x000000c8   Code   RO          397    i.MPU6050_Calibrate  mpu6050.o
    0x08001944   0x08001944   0x00000058   Code   RO          398    i.MPU6050_Get_Pitch  mpu6050.o
    0x0800199c   0x0800199c   0x00000058   Code   RO          399    i.MPU6050_Get_Roll  mpu6050.o
    0x080019f4   0x080019f4   0x000000c0   Code   RO          400    i.MPU6050_Init      mpu6050.o
    0x08001ab4   0x08001ab4   0x0000004c   Code   RO          401    i.MPU6050_Read_Accel  mpu6050.o
    0x08001b00   0x08001b00   0x00000074   Code   RO          402    i.MPU6050_Read_Accel_Calibrated  mpu6050.o
    0x08001b74   0x08001b74   0x0000004c   Code   RO          403    i.MPU6050_Read_Gyro  mpu6050.o
    0x08001bc0   0x08001bc0   0x00000074   Code   RO          404    i.MPU6050_Read_Gyro_Calibrated  mpu6050.o
    0x08001c34   0x08001c34   0x00000070   Code   RO          470    i.NVIC_Init         misc.o
    0x08001ca4   0x08001ca4   0x00000014   Code   RO          471    i.NVIC_PriorityGroupConfig  misc.o
    0x08001cb8   0x08001cb8   0x00000020   Code   RO          862    i.RCC_APB1PeriphClockCmd  stm32f10x_rcc.o
    0x08001cd8   0x08001cd8   0x00000020   Code   RO          864    i.RCC_APB2PeriphClockCmd  stm32f10x_rcc.o
    0x08001cf8   0x08001cf8   0x000000d4   Code   RO          872    i.RCC_GetClocksFreq  stm32f10x_rcc.o
    0x08001dcc   0x08001dcc   0x00000008   Code   RO         1271    i.SetSysClock       system_stm32f10x.o
    0x08001dd4   0x08001dd4   0x000000e0   Code   RO         1272    i.SetSysClockTo72   system_stm32f10x.o
    0x08001eb4   0x08001eb4   0x00000010   Code   RO          246    i.SysTick_Handler   systick.o
    0x08001ec4   0x08001ec4   0x0000006c   Code   RO          247    i.SysTick_Init      systick.o
    0x08001f30   0x08001f30   0x000000a4   Code   RO         1273    i.SystemCoreClockUpdate  system_stm32f10x.o
    0x08001fd4   0x08001fd4   0x00000060   Code   RO         1274    i.SystemInit        system_stm32f10x.o
    0x08002034   0x08002034   0x0000001c   Code   RO          295    i.UART_Clear_Flag   uart.o
    0x08002050   0x08002050   0x00000048   Code   RO          296    i.UART_Enable_Clock  uart.o
    0x08002098   0x08002098   0x00000078   Code   RO          297    i.UART_Enable_IRQ   uart.o
    0x08002110   0x08002110   0x00000024   Code   RO          298    i.UART_Get_Flag     uart.o
    0x08002134   0x08002134   0x00000044   Code   RO          299    i.UART_Pins_Init    uart.o
    0x08002178   0x08002178   0x0000000e   Code   RO          300    i.UART_Receive_Char  uart.o
    0x08002186   0x08002186   0x0000001e   Code   RO          301    i.UART_Send_Char    uart.o
    0x080021a4   0x080021a4   0x0000001c   Code   RO          302    i.UART_Send_Line    uart.o
    0x080021c0   0x080021c0   0x0000001a   Code   RO          303    i.UART_Send_String  uart.o
    0x080021da   0x080021da   0x00000002   PAD
    0x080021dc   0x080021dc   0x0000001c   Code   RO          304    i.UART_Set_Flag     uart.o
    0x080021f8   0x080021f8   0x0000002c   Code   RO          305    i.UARTx_Init        uart.o
    0x08002224   0x08002224   0x00000028   Code   RO          306    i.USART1_IRQHandler  uart.o
    0x0800224c   0x0800224c   0x00000020   Code   RO          202    i.USART1_Send_Char  printf_redirect.o
    0x0800226c   0x0800226c   0x00000028   Code   RO          307    i.USART2_IRQHandler  uart.o
    0x08002294   0x08002294   0x00000028   Code   RO          308    i.USART3_IRQHandler  uart.o
    0x080022bc   0x080022bc   0x0000001e   Code   RO         1073    i.USART_ClearITPendingBit  stm32f10x_usart.o
    0x080022da   0x080022da   0x00000018   Code   RO         1076    i.USART_Cmd         stm32f10x_usart.o
    0x080022f2   0x080022f2   0x0000001a   Code   RO         1079    i.USART_GetFlagStatus  stm32f10x_usart.o
    0x0800230c   0x0800230c   0x00000054   Code   RO         1080    i.USART_GetITStatus  stm32f10x_usart.o
    0x08002360   0x08002360   0x0000004a   Code   RO         1082    i.USART_ITConfig    stm32f10x_usart.o
    0x080023aa   0x080023aa   0x00000002   PAD
    0x080023ac   0x080023ac   0x000000d8   Code   RO         1083    i.USART_Init        stm32f10x_usart.o
    0x08002484   0x08002484   0x0000000a   Code   RO         1090    i.USART_ReceiveData  stm32f10x_usart.o
    0x0800248e   0x0800248e   0x00000008   Code   RO         1093    i.USART_SendData    stm32f10x_usart.o
    0x08002496   0x08002496   0x00000028   Code   RO         1516    i.__ARM_fpclassify  m_ws.l(fpclassify.o)
    0x080024be   0x080024be   0x00000026   Code   RO         1433    i.__ARM_fpclassifyf  m_ws.l(fpclassifyf.o)
    0x080024e4   0x080024e4   0x00000004   Code   RO         1437    i.__mathlib_flt_infnan2  m_ws.l(funder.o)
    0x080024e8   0x080024e8   0x0000000a   Code   RO         1441    i.__mathlib_flt_underflow  m_ws.l(funder.o)
    0x080024f2   0x080024f2   0x0000000e   Code   RO         1357    i._is_digit         c_w.l(__printf_wp.o)
    0x08002500   0x08002500   0x00000004   Code   RO          203    i._sys_exit         printf_redirect.o
    0x08002504   0x08002504   0x0000025c   Code   RO         1397    i.atan2f            m_ws.l(atan2f.o)
    0x08002760   0x08002760   0x00000010   Code   RO          204    i.fputc             printf_redirect.o
    0x08002770   0x08002770   0x000001cc   Code   RO          160    i.main              main.o
    0x0800293c   0x0800293c   0x0000002c   Code   RO         1405    i.sqrtf             m_ws.l(sqrtf.o)
    0x08002968   0x08002968   0x0000002c   Code   RO         1510    locale$$code        c_w.l(lc_numeric_c.o)
    0x08002994   0x08002994   0x0000000c   Code   RO         1424    x$fpl$dretinf       fz_ws.l(dretinf.o)
    0x080029a0   0x080029a0   0x00000056   Code   RO         1374    x$fpl$f2d           fz_ws.l(f2d.o)
    0x080029f6   0x080029f6   0x00000002   PAD
    0x080029f8   0x080029f8   0x000000c4   Code   RO         1376    x$fpl$fadd          fz_ws.l(faddsub_clz.o)
    0x08002abc   0x08002abc   0x0000000c   Code   RO         1580    x$fpl$fcheck1       fz_ws.l(fcheck1.o)
    0x08002ac8   0x08002ac8   0x00000184   Code   RO         1383    x$fpl$fdiv          fz_ws.l(fdiv.o)
    0x08002c4c   0x08002c4c   0x00000030   Code   RO         1387    x$fpl$fflt          fz_ws.l(fflt_clz.o)
    0x08002c7c   0x08002c7c   0x00000102   Code   RO         1392    x$fpl$fmul          fz_ws.l(fmul.o)
    0x08002d7e   0x08002d7e   0x0000008c   Code   RO         1426    x$fpl$fnaninf       fz_ws.l(fnaninf.o)
    0x08002e0a   0x08002e0a   0x0000000a   Code   RO         1428    x$fpl$fretinf       fz_ws.l(fretinf.o)
    0x08002e14   0x08002e14   0x00000014   Code   RO         1377    x$fpl$frsb          fz_ws.l(faddsub_clz.o)
    0x08002e28   0x08002e28   0x00000110   Code   RO         1430    x$fpl$fsqrt         fz_ws.l(fsqrt.o)
    0x08002f38   0x08002f38   0x000000ea   Code   RO         1378    x$fpl$fsub          fz_ws.l(faddsub_clz.o)
    0x08003022   0x08003022   0x00000004   Code   RO         1394    x$fpl$printf1       fz_ws.l(printf1.o)
    0x08003026   0x08003026   0x00000064   Code   RO         1588    x$fpl$retnan        fz_ws.l(retnan.o)
    0x0800308a   0x0800308a   0x0000004c   Code   RO         1514    x$fpl$scalbnf       fz_ws.l(scalbnf.o)
    0x080030d6   0x080030d6   0x00000030   Code   RO         1601    x$fpl$trapveneer    fz_ws.l(trapv.o)
    0x08003106   0x08003106   0x00000000   Code   RO         1432    x$fpl$usenofp       fz_ws.l(usenofp.o)
    0x08003106   0x08003106   0x00000002   PAD
    0x08003108   0x08003108   0x0000000c   Data   RO          248    .constdata          systick.o
    0x08003114   0x08003114   0x00000058   Data   RO          309    .constdata          uart.o
    0x0800316c   0x0800316c   0x00000011   Data   RO         1360    .constdata          c_w.l(__printf_flags_wp.o)
    0x0800317d   0x0800317d   0x00000003   PAD
    0x08003180   0x08003180   0x00000094   Data   RO         1481    .constdata          c_w.l(bigflt0.o)
    0x08003214   0x08003214   0x00000020   Data   RO         1661    Region$$Table       anon$$obj.o
    0x08003234   0x08003234   0x0000001c   Data   RO         1509    locale$$data        c_w.l(lc_numeric_c.o)


    Execution Region RW_IRAM1 (Exec base: 0x20000000, Load base: 0x08003250, Size: 0x000006d0, Max: 0x00005000, ABSOLUTE)

    Exec Addr    Load Addr    Size         Type   Attr      Idx    E Section Name        Object

    0x20000000   0x08003250   0x0000002c   Data   RW          161    .data               main.o
    0x2000002c   0x0800327c   0x00000004   Data   RW          205    .data               printf_redirect.o
    0x20000030   0x08003280   0x00000004   Data   RW          249    .data               systick.o
    0x20000034   0x08003284   0x00000006   Data   RW          310    .data               uart.o
    0x2000003a   0x0800328a   0x0000000d   Data   RW          405    .data               mpu6050.o
    0x20000047   0x08003297   0x00000014   Data   RW          892    .data               stm32f10x_rcc.o
    0x2000005b   0x080032ab   0x00000001   PAD
    0x2000005c   0x080032ac   0x00000014   Data   RW         1275    .data               system_stm32f10x.o
    0x20000070        -       0x00000060   Zero   RW         1519    .bss                c_w.l(libspace.o)
    0x200000d0        -       0x00000200   Zero   RW         1262    HEAP                startup_stm32f10x_md.o
    0x200002d0        -       0x00000400   Zero   RW         1261    STACK               startup_stm32f10x_md.o


==============================================================================

Image component sizes


      Code (inc. data)   RO Data    RW Data    ZI Data      Debug   Object Name

       740         84          0          0          0     249164   i2c.o
       460        206          0         44          0       1060   main.o
       132         22          0          0          0       1855   misc.o
       952        152          0         13          0       5763   mpu6050.o
        52          4          0          4          0       3354   printf_redirect.o
        64         26        236          0       1536        824   startup_stm32f10x_md.o
       278          0          0          0          0       2236   stm32f10x_gpio.o
       462         14          0          0          0       8400   stm32f10x_i2c.o
       276         32          0         20          0       4794   stm32f10x_rcc.o
       472          6          0          0          0       7431   stm32f10x_usart.o
       492         50          0         20          0       3065   system_stm32f10x.o
       160         24         12          4          0      28362   systick.o
       686         82         88          6          0       9175   uart.o

    ----------------------------------------------------------------------
      5238        702        368        112       1536     325483   Object Totals
         0          0         32          0          0          0   (incl. Generated)
        12          0          0          1          0          0   (incl. Padding)

    ----------------------------------------------------------------------

      Code (inc. data)   RO Data    RW Data    ZI Data      Debug   Library Member Name

         8          0          0          0          0         68   __main.o
       312          4         17          0          0         92   __printf_flags_wp.o
        14          0          0          0          0         68   __printf_wp.o
         0          0          0          0          0          0   __rtentry.o
        12          0          0          0          0          0   __rtentry2.o
         6          0          0          0          0          0   __rtentry4.o
        52          8          0          0          0          0   __scatter.o
        26          0          0          0          0          0   __scatter_copy.o
        28          0          0          0          0          0   __scatter_zi.o
        48          6          0          0          0         96   _printf_char_common.o
        36          4          0          0          0         80   _printf_char_file.o
         6          0          0          0          0          0   _printf_f.o
      1054          0          0          0          0        216   _printf_fp_dec.o
       128         16          0          0          0         84   _printf_fp_infnan.o
         0          0          0          0          0          0   _printf_percent.o
         4          0          0          0          0          0   _printf_percent_end.o
        22          0          0          0          0        100   _rserrno.o
       228          4        148          0          0         96   bigflt0.o
      1936        128          0          0          0        672   btod.o
        18          0          0          0          0         80   exit.o
         8          0          0          0          0         68   ferror.o
         6          0          0          0          0        152   heapauxi.o
        44         10         28          0          0         76   lc_numeric_c.o
         2          0          0          0          0          0   libinit.o
        18          0          0          0          0          0   libinit2.o
         2          0          0          0          0          0   libshutdown.o
         2          0          0          0          0          0   libshutdown2.o
         8          4          0          0         96         68   libspace.o
       138          0          0          0          0         80   lludiv10.o
        24          4          0          0          0         84   noretval__2printf.o
         8          4          0          0          0         68   rt_errno_addr_intlibspace.o
         8          4          0          0          0         68   rt_locale_intlibspace.o
         2          0          0          0          0          0   rtexit.o
        10          0          0          0          0          0   rtexit2.o
       128          0          0          0          0         68   strcmpv7m.o
        74          0          0          0          0         80   sys_stackheap_outer.o
         2          0          0          0          0         68   use_no_semi.o
         2          0          0          0          0         68   use_no_semi_2.o
        12          0          0          0          0         68   dretinf.o
        86          4          0          0          0         84   f2d.o
       450          8          0          0          0        236   faddsub_clz.o
        12          4          0          0          0         68   fcheck1.o
       388         76          0          0          0         96   fdiv.o
        48          0          0          0          0         68   fflt_clz.o
       258          4          0          0          0         84   fmul.o
       140          4          0          0          0         84   fnaninf.o
        10          0          0          0          0         68   fretinf.o
       272        100          0          0          0         88   fsqrt.o
         4          0          0          0          0         68   printf1.o
       100          0          0          0          0         68   retnan.o
        76          0          0          0          0         68   scalbnf.o
        48          0          0          0          0         68   trapv.o
         0          0          0          0          0          0   usenofp.o
       604         76          0          0          0        116   atan2f.o
        40          0          0          0          0         68   fpclassify.o
        38          0          0          0          0         68   fpclassifyf.o
        14          0          0          0          0        136   funder.o
        44          0          0          0          0         80   sqrtf.o

    ----------------------------------------------------------------------
      7078        472        196          0         96       4284   Library Totals
        10          0          3          0          0          0   (incl. Padding)

    ----------------------------------------------------------------------

      Code (inc. data)   RO Data    RW Data    ZI Data      Debug   Library Name

      4424        196        193          0         96       2600   c_w.l
      1904        200          0          0          0       1216   fz_ws.l
       740         76          0          0          0        468   m_ws.l

    ----------------------------------------------------------------------
      7078        472        196          0         96       4284   Library Totals

    ----------------------------------------------------------------------

==============================================================================


      Code (inc. data)   RO Data    RW Data    ZI Data      Debug   

     12316       1174        564        112       1632     323731   Grand Totals
     12316       1174        564        112       1632     323731   ELF Image Totals
     12316       1174        564        112          0          0   ROM Totals

==============================================================================

    Total RO  Size (Code + RO Data)                12880 (  12.58kB)
    Total RW  Size (RW Data + ZI Data)              1744 (   1.70kB)
    Total ROM Size (Code + RO Data + RW Data)      12992 (  12.69kB)

==============================================================================

